2025-08-24T06:05:05.7752112Z Current runner version: '2.328.0'
2025-08-24T06:05:05.7779429Z ##[group]Runner Image Provisioner
2025-08-24T06:05:05.7780326Z Hosted Compute Agent
2025-08-24T06:05:05.7780866Z Version: 20250818.377
2025-08-24T06:05:05.7781495Z Commit: 3c593e9f75fe0b87e893bca80d6e12ba089c61fc
2025-08-24T06:05:05.7782233Z Build Date: 2025-08-18T14:52:18Z
2025-08-24T06:05:05.7782785Z ##[endgroup]
2025-08-24T06:05:05.7783348Z ##[group]Operating System
2025-08-24T06:05:05.7783877Z Ubuntu
2025-08-24T06:05:05.7784352Z 24.04.2
2025-08-24T06:05:05.7784848Z LTS
2025-08-24T06:05:05.7785309Z ##[endgroup]
2025-08-24T06:05:05.7785789Z ##[group]Runner Image
2025-08-24T06:05:05.7786273Z Image: ubuntu-24.04
2025-08-24T06:05:05.7786919Z Version: 20250818.1.0
2025-08-24T06:05:05.7788537Z Included Software: https://github.com/actions/runner-images/blob/ubuntu24/20250818.1/images/ubuntu/Ubuntu2404-Readme.md
2025-08-24T06:05:05.7791994Z Image Release: https://github.com/actions/runner-images/releases/tag/ubuntu24%2F20250818.1
2025-08-24T06:05:05.7793878Z ##[endgroup]
2025-08-24T06:05:05.7796201Z ##[group]GITHUB_TOKEN Permissions
2025-08-24T06:05:05.7799483Z Checks: write
2025-08-24T06:05:05.7800382Z Contents: read
2025-08-24T06:05:05.7801378Z Metadata: read
2025-08-24T06:05:05.7802272Z PullRequests: read
2025-08-24T06:05:05.7803088Z ##[endgroup]
2025-08-24T06:05:05.7806145Z Secret source: Actions
2025-08-24T06:05:05.7807845Z Prepare workflow directory
2025-08-24T06:05:05.8307184Z Prepare all required actions
2025-08-24T06:05:05.8367278Z Getting action download info
2025-08-24T06:05:06.4366555Z Download action repository 'actions/checkout@v4' (SHA:08eba0b27e820071cde6df949e0beb9ba4906955)
2025-08-24T06:05:06.6464202Z Download action repository 'pnpm/action-setup@v4' (SHA:a7487c7e89a18df4991f7f222e4898a00d66ddda)
2025-08-24T06:05:07.2073866Z Download action repository 'actions/setup-node@v4' (SHA:49933ea5288caeca8642d1e84afbd3f7d6820020)
2025-08-24T06:05:07.3688512Z Download action repository 'actions/download-artifact@v4' (SHA:d3f86a106a0bac45b974a628896c90dbdf5c8093)
2025-08-24T06:05:07.8468813Z Download action repository 'actions/cache@v4' (SHA:0400d5f644dc74513175e3cd8d07132dd4860809)
2025-08-24T06:05:08.0126731Z Download action repository 'actions/upload-artifact@v4' (SHA:ea165f8d65b6e75b540449e92b4886f43607fa02)
2025-08-24T06:05:08.2400913Z Complete job name: 🎭 E2E Tests (Chromium - Critical Path)
2025-08-24T06:05:08.3288913Z ##[group]Run actions/checkout@v4
2025-08-24T06:05:08.3290408Z with:
2025-08-24T06:05:08.3291362Z   repository: neogenz/pulpe
2025-08-24T06:05:08.3292770Z   token: ***
2025-08-24T06:05:08.3293588Z   ssh-strict: true
2025-08-24T06:05:08.3294636Z   ssh-user: git
2025-08-24T06:05:08.3295700Z   persist-credentials: true
2025-08-24T06:05:08.3296690Z   clean: true
2025-08-24T06:05:08.3297529Z   sparse-checkout-cone-mode: true
2025-08-24T06:05:08.3298828Z   fetch-depth: 1
2025-08-24T06:05:08.3299700Z   fetch-tags: false
2025-08-24T06:05:08.3300525Z   show-progress: true
2025-08-24T06:05:08.3301546Z   lfs: false
2025-08-24T06:05:08.3302388Z   submodules: false
2025-08-24T06:05:08.3303267Z   set-safe-directory: true
2025-08-24T06:05:08.3304620Z env:
2025-08-24T06:05:08.3305412Z   NODE_VERSION: 22
2025-08-24T06:05:08.3306246Z   PNPM_VERSION: 10.12.1
2025-08-24T06:05:08.3307280Z   BUN_VERSION: 1.2.17
2025-08-24T06:05:08.3308131Z ##[endgroup]
2025-08-24T06:05:08.4486924Z Syncing repository: neogenz/pulpe
2025-08-24T06:05:08.4489993Z ##[group]Getting Git version info
2025-08-24T06:05:08.4491311Z Working directory is '/home/runner/work/pulpe/pulpe'
2025-08-24T06:05:08.4493373Z [command]/usr/bin/git version
2025-08-24T06:05:08.4561727Z git version 2.51.0
2025-08-24T06:05:08.4590178Z ##[endgroup]
2025-08-24T06:05:08.4606131Z Temporarily overriding HOME='/home/runner/work/_temp/0c785b55-db09-4cc3-b88c-ef58b4c8e21b' before making global git config changes
2025-08-24T06:05:08.4609030Z Adding repository directory to the temporary git global config as a safe directory
2025-08-24T06:05:08.4612236Z [command]/usr/bin/git config --global --add safe.directory /home/runner/work/pulpe/pulpe
2025-08-24T06:05:08.4655353Z Deleting the contents of '/home/runner/work/pulpe/pulpe'
2025-08-24T06:05:08.4660286Z ##[group]Initializing the repository
2025-08-24T06:05:08.4664540Z [command]/usr/bin/git init /home/runner/work/pulpe/pulpe
2025-08-24T06:05:08.4774024Z hint: Using 'master' as the name for the initial branch. This default branch name
2025-08-24T06:05:08.4777328Z hint: is subject to change. To configure the initial branch name to use in all
2025-08-24T06:05:08.4779414Z hint: of your new repositories, which will suppress this warning, call:
2025-08-24T06:05:08.4780973Z hint:
2025-08-24T06:05:08.4782021Z hint: 	git config --global init.defaultBranch <name>
2025-08-24T06:05:08.4783210Z hint:
2025-08-24T06:05:08.4784281Z hint: Names commonly chosen instead of 'master' are 'main', 'trunk' and
2025-08-24T06:05:08.4786157Z hint: 'development'. The just-created branch can be renamed via this command:
2025-08-24T06:05:08.4787567Z hint:
2025-08-24T06:05:08.4788401Z hint: 	git branch -m <name>
2025-08-24T06:05:08.4789944Z hint:
2025-08-24T06:05:08.4791381Z hint: Disable this message with "git config set advice.defaultBranchName false"
2025-08-24T06:05:08.4793349Z Initialized empty Git repository in /home/runner/work/pulpe/pulpe/.git/
2025-08-24T06:05:08.4796589Z [command]/usr/bin/git remote add origin https://github.com/neogenz/pulpe
2025-08-24T06:05:08.4838514Z ##[endgroup]
2025-08-24T06:05:08.4840360Z ##[group]Disabling automatic garbage collection
2025-08-24T06:05:08.4842790Z [command]/usr/bin/git config --local gc.auto 0
2025-08-24T06:05:08.4879444Z ##[endgroup]
2025-08-24T06:05:08.4881016Z ##[group]Setting up auth
2025-08-24T06:05:08.4886947Z [command]/usr/bin/git config --local --name-only --get-regexp core\.sshCommand
2025-08-24T06:05:08.4923333Z [command]/usr/bin/git submodule foreach --recursive sh -c "git config --local --name-only --get-regexp 'core\.sshCommand' && git config --local --unset-all 'core.sshCommand' || :"
2025-08-24T06:05:08.5281734Z [command]/usr/bin/git config --local --name-only --get-regexp http\.https\:\/\/github\.com\/\.extraheader
2025-08-24T06:05:08.5319242Z [command]/usr/bin/git submodule foreach --recursive sh -c "git config --local --name-only --get-regexp 'http\.https\:\/\/github\.com\/\.extraheader' && git config --local --unset-all 'http.https://github.com/.extraheader' || :"
2025-08-24T06:05:08.5577002Z [command]/usr/bin/git config --local http.https://github.com/.extraheader AUTHORIZATION: basic ***
2025-08-24T06:05:08.5617410Z ##[endgroup]
2025-08-24T06:05:08.5619432Z ##[group]Fetching the repository
2025-08-24T06:05:08.5627660Z [command]/usr/bin/git -c protocol.version=2 fetch --no-tags --prune --no-recurse-submodules --depth=1 origin +852e51d690ff72272323fb5c1dbb4dbac3c0d897:refs/remotes/pull/75/merge
2025-08-24T06:05:09.0423945Z From https://github.com/neogenz/pulpe
2025-08-24T06:05:09.0426248Z  * [new ref]         852e51d690ff72272323fb5c1dbb4dbac3c0d897 -> pull/75/merge
2025-08-24T06:05:09.0461518Z ##[endgroup]
2025-08-24T06:05:09.0463377Z ##[group]Determining the checkout info
2025-08-24T06:05:09.0464906Z ##[endgroup]
2025-08-24T06:05:09.0468058Z [command]/usr/bin/git sparse-checkout disable
2025-08-24T06:05:09.0520627Z [command]/usr/bin/git config --local --unset-all extensions.worktreeConfig
2025-08-24T06:05:09.0562651Z ##[group]Checking out the ref
2025-08-24T06:05:09.0567689Z [command]/usr/bin/git checkout --progress --force refs/remotes/pull/75/merge
2025-08-24T06:05:09.0952621Z Note: switching to 'refs/remotes/pull/75/merge'.
2025-08-24T06:05:09.0953699Z 
2025-08-24T06:05:09.0954395Z You are in 'detached HEAD' state. You can look around, make experimental
2025-08-24T06:05:09.0956401Z changes and commit them, and you can discard any commits you make in this
2025-08-24T06:05:09.0959448Z state without impacting any branches by switching back to a branch.
2025-08-24T06:05:09.0961016Z 
2025-08-24T06:05:09.0962032Z If you want to create a new branch to retain commits you create, you may
2025-08-24T06:05:09.0964638Z do so (now or later) by using -c with the switch command. Example:
2025-08-24T06:05:09.0966507Z 
2025-08-24T06:05:09.0967118Z   git switch -c <new-branch-name>
2025-08-24T06:05:09.0968188Z 
2025-08-24T06:05:09.0968963Z Or undo this operation with:
2025-08-24T06:05:09.0969918Z 
2025-08-24T06:05:09.0970440Z   git switch -
2025-08-24T06:05:09.0971126Z 
2025-08-24T06:05:09.0972190Z Turn off this advice by setting config variable advice.detachedHead to false
2025-08-24T06:05:09.0973890Z 
2025-08-24T06:05:09.0975750Z HEAD is now at 852e51d Merge 3766c3d45a0c67b64a8b515d44152b4944ed400a into 3570c556a8bb7308a7c058f0536dfc49394fe01f
2025-08-24T06:05:09.0980130Z ##[endgroup]
2025-08-24T06:05:09.1012229Z [command]/usr/bin/git log -1 --format=%H
2025-08-24T06:05:09.1040925Z 852e51d690ff72272323fb5c1dbb4dbac3c0d897
2025-08-24T06:05:09.1300163Z ##[group]Run pnpm/action-setup@v4
2025-08-24T06:05:09.1301125Z with:
2025-08-24T06:05:09.1301798Z   version: 10.12.1
2025-08-24T06:05:09.1302551Z   dest: ~/setup-pnpm
2025-08-24T06:05:09.1303303Z   run_install: null
2025-08-24T06:05:09.1304123Z   package_json_file: package.json
2025-08-24T06:05:09.1305024Z   standalone: false
2025-08-24T06:05:09.1305738Z env:
2025-08-24T06:05:09.1306392Z   NODE_VERSION: 22
2025-08-24T06:05:09.1307135Z   PNPM_VERSION: 10.12.1
2025-08-24T06:05:09.1307919Z   BUN_VERSION: 1.2.17
2025-08-24T06:05:09.1308813Z ##[endgroup]
2025-08-24T06:05:09.1892553Z ##[group]Running self-installer...
2025-08-24T06:05:09.8126439Z Progress: resolved 1, reused 0, downloaded 0, added 0
2025-08-24T06:05:09.8259690Z Packages: +1
2025-08-24T06:05:09.8261199Z +
2025-08-24T06:05:10.3015891Z Progress: resolved 1, reused 0, downloaded 1, added 1, done
2025-08-24T06:05:10.3309143Z 
2025-08-24T06:05:10.3309740Z dependencies:
2025-08-24T06:05:10.3341080Z + pnpm 10.12.1 (10.15.0 is available)
2025-08-24T06:05:10.3341615Z 
2025-08-24T06:05:10.3341838Z Done in 976ms
2025-08-24T06:05:10.3529928Z ##[endgroup]
2025-08-24T06:05:10.3535190Z Installation Completed!
2025-08-24T06:05:10.3705475Z ##[group]Run actions/setup-node@v4
2025-08-24T06:05:10.3705852Z with:
2025-08-24T06:05:10.3706064Z   node-version: 22
2025-08-24T06:05:10.3706295Z   cache: pnpm
2025-08-24T06:05:10.3706541Z   cache-dependency-path: **/pnpm-lock.yaml
2025-08-24T06:05:10.3706846Z   always-auth: false
2025-08-24T06:05:10.3707074Z   check-latest: false
2025-08-24T06:05:10.3707505Z   token: ***
2025-08-24T06:05:10.3707725Z env:
2025-08-24T06:05:10.3707921Z   NODE_VERSION: 22
2025-08-24T06:05:10.3708149Z   PNPM_VERSION: 10.12.1
2025-08-24T06:05:10.3708400Z   BUN_VERSION: 1.2.17
2025-08-24T06:05:10.3708826Z   PNPM_HOME: /home/runner/setup-pnpm/node_modules/.bin
2025-08-24T06:05:10.3709137Z ##[endgroup]
2025-08-24T06:05:10.5995841Z Found in cache @ /opt/hostedtoolcache/node/22.18.0/x64
2025-08-24T06:05:10.6005428Z ##[group]Environment details
2025-08-24T06:05:14.0037883Z node: v22.18.0
2025-08-24T06:05:14.0038362Z npm: 10.9.3
2025-08-24T06:05:14.0039407Z yarn: 1.22.22
2025-08-24T06:05:14.0040421Z ##[endgroup]
2025-08-24T06:05:14.0065772Z [command]/home/runner/setup-pnpm/node_modules/.bin/pnpm store path --silent
2025-08-24T06:05:14.6202825Z /home/runner/setup-pnpm/node_modules/.bin/store/v10
2025-08-24T06:05:14.8584295Z Cache hit for: node-cache-Linux-x64-pnpm-d9664102d3dc9105ed7047cb228431abe0ec281efeb23f2f09f1e718facda860
2025-08-24T06:05:16.0573809Z Received 46137344 of 154993057 (29.8%), 44.0 MBs/sec
2025-08-24T06:05:16.9190003Z Received 154993057 of 154993057 (100.0%), 79.6 MBs/sec
2025-08-24T06:05:16.9190506Z Cache Size: ~148 MB (154993057 B)
2025-08-24T06:05:16.9245151Z [command]/usr/bin/tar -xf /home/runner/work/_temp/c570f5ac-6af0-4d40-872a-8e4adae9b0d5/cache.tzst -P -C /home/runner/work/pulpe/pulpe --use-compress-program unzstd
2025-08-24T06:05:19.1723675Z Cache restored successfully
2025-08-24T06:05:19.2034819Z Cache restored from key: node-cache-Linux-x64-pnpm-d9664102d3dc9105ed7047cb228431abe0ec281efeb23f2f09f1e718facda860
2025-08-24T06:05:19.2194795Z ##[group]Run pnpm install --frozen-lockfile
2025-08-24T06:05:19.2195222Z [36;1mpnpm install --frozen-lockfile[0m
2025-08-24T06:05:19.2373406Z shell: /usr/bin/bash -e {0}
2025-08-24T06:05:19.2373736Z env:
2025-08-24T06:05:19.2373937Z   NODE_VERSION: 22
2025-08-24T06:05:19.2374142Z   PNPM_VERSION: 10.12.1
2025-08-24T06:05:19.2374359Z   BUN_VERSION: 1.2.17
2025-08-24T06:05:19.2374620Z   PNPM_HOME: /home/runner/setup-pnpm/node_modules/.bin
2025-08-24T06:05:19.2374923Z ##[endgroup]
2025-08-24T06:05:19.5679878Z Scope: all 4 workspace projects
2025-08-24T06:05:19.6490011Z Lockfile is up to date, resolution step is skipped
2025-08-24T06:05:19.7400317Z Progress: resolved 1, reused 0, downloaded 0, added 0
2025-08-24T06:05:19.9746626Z Packages: +1202
2025-08-24T06:05:19.9747783Z ++++++++++++++++++++++++++++++++++++++++++++++++++++++++++++++++++++++++++++++++
2025-08-24T06:05:20.7422713Z Progress: resolved 1202, reused 1201, downloaded 0, added 18
2025-08-24T06:05:21.7412951Z Progress: resolved 1202, reused 1201, downloaded 0, added 984
2025-08-24T06:05:21.9349821Z Progress: resolved 1202, reused 1201, downloaded 0, added 1202, done
2025-08-24T06:05:23.3204126Z 
2025-08-24T06:05:23.3204726Z dependencies:
2025-08-24T06:05:23.3205147Z + turbo 2.5.4
2025-08-24T06:05:23.3205360Z 
2025-08-24T06:05:23.3205543Z devDependencies:
2025-08-24T06:05:23.3206007Z + @changesets/cli 2.29.5
2025-08-24T06:05:23.3206459Z + @types/node 24.0.7
2025-08-24T06:05:23.3206861Z + lefthook 1.11.14
2025-08-24T06:05:23.3207242Z + prettier 3.6.2
2025-08-24T06:05:23.3207660Z + typescript 5.8.3
2025-08-24T06:05:23.3207874Z 
2025-08-24T06:05:23.3208954Z ╭ Warning ─────────────────────────────────────────────────────────────────────╮
2025-08-24T06:05:23.3209914Z │                                                                              │
2025-08-24T06:05:23.3211000Z │   Ignored build scripts: core-js, lefthook.                                  │
2025-08-24T06:05:23.3212337Z │   Run "pnpm approve-builds" to pick which dependencies should be allowed     │
2025-08-24T06:05:23.3213495Z │   to run scripts.                                                            │
2025-08-24T06:05:23.3214502Z │                                                                              │
2025-08-24T06:05:23.3215536Z ╰──────────────────────────────────────────────────────────────────────────────╯
2025-08-24T06:05:23.3215965Z 
2025-08-24T06:05:23.3269411Z . postinstall$ lefthook install
2025-08-24T06:05:23.3737355Z . postinstall: sync hooks: ✔️ (pre-commit)
2025-08-24T06:05:23.3777683Z . postinstall: Done
2025-08-24T06:05:23.6880778Z Done in 4.4s using pnpm v10.12.1
2025-08-24T06:05:23.7150600Z ##[group]Run actions/download-artifact@v4
2025-08-24T06:05:23.7150900Z with:
2025-08-24T06:05:23.7151084Z   name: build-artifacts
2025-08-24T06:05:23.7151301Z   merge-multiple: false
2025-08-24T06:05:23.7151513Z   repository: neogenz/pulpe
2025-08-24T06:05:23.7151732Z   run-id: 17185007477
2025-08-24T06:05:23.7151917Z env:
2025-08-24T06:05:23.7152080Z   NODE_VERSION: 22
2025-08-24T06:05:23.7152277Z   PNPM_VERSION: 10.12.1
2025-08-24T06:05:23.7152483Z   BUN_VERSION: 1.2.17
2025-08-24T06:05:23.7152751Z   PNPM_HOME: /home/runner/setup-pnpm/node_modules/.bin
2025-08-24T06:05:23.7153028Z ##[endgroup]
2025-08-24T06:05:23.9183779Z Downloading single artifact
2025-08-24T06:05:24.0786986Z Preparing to download the following artifacts:
2025-08-24T06:05:24.0788362Z - build-artifacts (ID: 3836861324, Size: 710134, Expected Digest: sha256:9d5782722eba3cbb2712e977985ea6044b416a350632530961e74e97020c3f27)
2025-08-24T06:05:24.1760618Z Redirecting to blob download url: https://productionresultssa11.blob.core.windows.net/actions-results/02a1e382-26c8-4365-b6e6-65a0da489142/workflow-job-run-dfa2e68a-0857-5fef-a5de-7ae215d5a57e/artifacts/5dc05f8d04b4d39890fcfdf5c8c6b3083d236450689834d6bcc484b8ef830f85.zip
2025-08-24T06:05:24.1762278Z Starting download of artifact to: /home/runner/work/pulpe/pulpe
2025-08-24T06:05:24.4808525Z (node:2213) [DEP0005] DeprecationWarning: Buffer() is deprecated due to security and usability issues. Please use the Buffer.alloc(), Buffer.allocUnsafe(), or Buffer.from() methods instead.
2025-08-24T06:05:24.4810215Z (Use `node --trace-deprecation ...` to show where the warning was created)
2025-08-24T06:05:24.8295704Z SHA256 digest of downloaded artifact is 9d5782722eba3cbb2712e977985ea6044b416a350632530961e74e97020c3f27
2025-08-24T06:05:24.8296733Z Artifact download completed successfully.
2025-08-24T06:05:24.8297312Z Total of 1 artifact(s) downloaded
2025-08-24T06:05:24.8303531Z Download artifact has finished successfully
2025-08-24T06:05:24.8408300Z ##[group]Run echo "version=$(cd frontend && pnpm list @playwright/test --depth=0 --json | jq -r '.dependencies["@playwright/test"].version')" >> $GITHUB_OUTPUT
2025-08-24T06:05:24.8409684Z [36;1mecho "version=$(cd frontend && pnpm list @playwright/test --depth=0 --json | jq -r '.dependencies["@playwright/test"].version')" >> $GITHUB_OUTPUT[0m
2025-08-24T06:05:24.8451263Z shell: /usr/bin/bash -e {0}
2025-08-24T06:05:24.8451524Z env:
2025-08-24T06:05:24.8451699Z   NODE_VERSION: 22
2025-08-24T06:05:24.8451913Z   PNPM_VERSION: 10.12.1
2025-08-24T06:05:24.8452139Z   BUN_VERSION: 1.2.17
2025-08-24T06:05:24.8452398Z   PNPM_HOME: /home/runner/setup-pnpm/node_modules/.bin
2025-08-24T06:05:24.8452692Z ##[endgroup]
2025-08-24T06:05:25.2635582Z jq: error (at <stdin>:16): Cannot index array with string "dependencies"
2025-08-24T06:05:25.2884492Z ##[group]Run actions/cache@v4
2025-08-24T06:05:25.2884775Z with:
2025-08-24T06:05:25.2884976Z   path: ~/.cache/ms-playwright
2025-08-24T06:05:25.2885218Z   key: Linux-playwright-
2025-08-24T06:05:25.2885453Z   enableCrossOsArchive: false
2025-08-24T06:05:25.2885697Z   fail-on-cache-miss: false
2025-08-24T06:05:25.2885921Z   lookup-only: false
2025-08-24T06:05:25.2886121Z   save-always: false
2025-08-24T06:05:25.2886307Z env:
2025-08-24T06:05:25.2886469Z   NODE_VERSION: 22
2025-08-24T06:05:25.2886674Z   PNPM_VERSION: 10.12.1
2025-08-24T06:05:25.2886888Z   BUN_VERSION: 1.2.17
2025-08-24T06:05:25.2887145Z   PNPM_HOME: /home/runner/setup-pnpm/node_modules/.bin
2025-08-24T06:05:25.2887438Z ##[endgroup]
2025-08-24T06:05:25.5611159Z Cache hit for: Linux-playwright-
2025-08-24T06:05:26.7613042Z Received 75497472 of 461793554 (16.3%), 72.0 MBs/sec
2025-08-24T06:05:27.7589928Z Received 234881024 of 461793554 (50.9%), 111.9 MBs/sec
2025-08-24T06:05:28.7587235Z Received 306184192 of 461793554 (66.3%), 97.3 MBs/sec
2025-08-24T06:05:29.7586367Z Received 453404946 of 461793554 (98.2%), 108.1 MBs/sec
2025-08-24T06:05:29.8289571Z Received 461793554 of 461793554 (100.0%), 108.2 MBs/sec
2025-08-24T06:05:29.8292421Z Cache Size: ~440 MB (461793554 B)
2025-08-24T06:05:29.8333270Z [command]/usr/bin/tar -xf /home/runner/work/_temp/8bbe9482-e7f5-4c84-b51f-51f9a0eab49b/cache.tzst -P -C /home/runner/work/pulpe/pulpe --use-compress-program unzstd
2025-08-24T06:05:32.2073417Z Cache restored successfully
2025-08-24T06:05:32.3007509Z Cache restored from key: Linux-playwright-
2025-08-24T06:05:32.3150820Z ##[group]Run cd frontend && pnpm exec playwright install-deps
2025-08-24T06:05:32.3151430Z [36;1mcd frontend && pnpm exec playwright install-deps[0m
2025-08-24T06:05:32.3191504Z shell: /usr/bin/bash -e {0}
2025-08-24T06:05:32.3191761Z env:
2025-08-24T06:05:32.3191948Z   NODE_VERSION: 22
2025-08-24T06:05:32.3192167Z   PNPM_VERSION: 10.12.1
2025-08-24T06:05:32.3192394Z   BUN_VERSION: 1.2.17
2025-08-24T06:05:32.3192656Z   PNPM_HOME: /home/runner/setup-pnpm/node_modules/.bin
2025-08-24T06:05:32.3192956Z ##[endgroup]
2025-08-24T06:05:33.2392069Z Installing dependencies...
2025-08-24T06:05:33.2924347Z Switching to root user to install dependencies...
2025-08-24T06:05:34.1390336Z Get:1 file:/etc/apt/apt-mirrors.txt Mirrorlist [144 B]
2025-08-24T06:05:34.1898005Z Hit:2 http://azure.archive.ubuntu.com/ubuntu noble InRelease
2025-08-24T06:05:34.1902886Z Hit:6 https://packages.microsoft.com/repos/azure-cli noble InRelease
2025-08-24T06:05:34.1907578Z Get:7 https://packages.microsoft.com/ubuntu/24.04/prod noble InRelease [3600 B]
2025-08-24T06:05:34.1975654Z Get:3 http://azure.archive.ubuntu.com/ubuntu noble-updates InRelease [126 kB]
2025-08-24T06:05:34.2048011Z Get:4 http://azure.archive.ubuntu.com/ubuntu noble-backports InRelease [126 kB]
2025-08-24T06:05:34.2142528Z Get:5 http://azure.archive.ubuntu.com/ubuntu noble-security InRelease [126 kB]
2025-08-24T06:05:34.4345330Z Get:8 https://packages.microsoft.com/ubuntu/24.04/prod noble/main amd64 Packages [49.2 kB]
2025-08-24T06:05:34.4463231Z Get:9 https://packages.microsoft.com/ubuntu/24.04/prod noble/main arm64 Packages [33.3 kB]
2025-08-24T06:05:34.4490097Z Get:10 https://packages.microsoft.com/ubuntu/24.04/prod noble/main armhf Packages [9870 B]
2025-08-24T06:05:34.4834979Z Get:11 http://azure.archive.ubuntu.com/ubuntu noble-updates/main amd64 Packages [1352 kB]
2025-08-24T06:05:34.4931766Z Get:12 http://azure.archive.ubuntu.com/ubuntu noble-updates/main Translation-en [269 kB]
2025-08-24T06:05:34.4963359Z Get:13 http://azure.archive.ubuntu.com/ubuntu noble-updates/main amd64 Components [175 kB]
2025-08-24T06:05:34.4987548Z Get:14 http://azure.archive.ubuntu.com/ubuntu noble-updates/universe amd64 Packages [1123 kB]
2025-08-24T06:05:34.5069913Z Get:15 http://azure.archive.ubuntu.com/ubuntu noble-updates/universe Translation-en [288 kB]
2025-08-24T06:05:34.5103309Z Get:16 http://azure.archive.ubuntu.com/ubuntu noble-updates/universe amd64 Components [377 kB]
2025-08-24T06:05:34.5135009Z Get:17 http://azure.archive.ubuntu.com/ubuntu noble-updates/restricted amd64 Packages [1731 kB]
2025-08-24T06:05:34.5234273Z Get:18 http://azure.archive.ubuntu.com/ubuntu noble-updates/restricted Translation-en [384 kB]
2025-08-24T06:05:34.5270772Z Get:19 http://azure.archive.ubuntu.com/ubuntu noble-updates/restricted amd64 Components [212 B]
2025-08-24T06:05:34.5278105Z Get:20 http://azure.archive.ubuntu.com/ubuntu noble-updates/multiverse amd64 Components [940 B]
2025-08-24T06:05:34.5900131Z Get:21 http://azure.archive.ubuntu.com/ubuntu noble-backports/main amd64 Components [7060 B]
2025-08-24T06:05:34.5915972Z Get:22 http://azure.archive.ubuntu.com/ubuntu noble-backports/universe amd64 Components [19.2 kB]
2025-08-24T06:05:34.5959840Z Get:23 http://azure.archive.ubuntu.com/ubuntu noble-backports/restricted amd64 Components [216 B]
2025-08-24T06:05:34.5961132Z Get:24 http://azure.archive.ubuntu.com/ubuntu noble-backports/multiverse amd64 Components [212 B]
2025-08-24T06:05:34.5973008Z Get:25 http://azure.archive.ubuntu.com/ubuntu noble-security/main amd64 Packages [1083 kB]
2025-08-24T06:05:34.6048545Z Get:26 http://azure.archive.ubuntu.com/ubuntu noble-security/main Translation-en [187 kB]
2025-08-24T06:05:34.6070814Z Get:27 http://azure.archive.ubuntu.com/ubuntu noble-security/main amd64 Components [21.5 kB]
2025-08-24T06:05:34.6081682Z Get:28 http://azure.archive.ubuntu.com/ubuntu noble-security/universe amd64 Packages [881 kB]
2025-08-24T06:05:34.6141604Z Get:29 http://azure.archive.ubuntu.com/ubuntu noble-security/universe Translation-en [195 kB]
2025-08-24T06:05:34.6166031Z Get:30 http://azure.archive.ubuntu.com/ubuntu noble-security/universe amd64 Components [52.3 kB]
2025-08-24T06:05:34.6177319Z Get:31 http://azure.archive.ubuntu.com/ubuntu noble-security/restricted amd64 Packages [1631 kB]
2025-08-24T06:05:34.6280719Z Get:32 http://azure.archive.ubuntu.com/ubuntu noble-security/restricted Translation-en [361 kB]
2025-08-24T06:05:34.6311954Z Get:33 http://azure.archive.ubuntu.com/ubuntu noble-security/restricted amd64 Components [212 B]
2025-08-24T06:05:34.6321475Z Get:34 http://azure.archive.ubuntu.com/ubuntu noble-security/multiverse amd64 Components [212 B]
2025-08-24T06:05:42.8514616Z Fetched 10.6 MB in 1s (7425 kB/s)
2025-08-24T06:05:43.6370942Z Reading package lists...
2025-08-24T06:05:43.6628850Z Reading package lists...
2025-08-24T06:05:43.8822751Z Building dependency tree...
2025-08-24T06:05:43.8830874Z Reading state information...
2025-08-24T06:05:43.9005852Z libasound2t64 is already the newest version (1.2.11-1ubuntu0.1).
2025-08-24T06:05:43.9006551Z libasound2t64 set to manually installed.
2025-08-24T06:05:43.9007232Z libatk-bridge2.0-0t64 is already the newest version (2.52.0-1build1).
2025-08-24T06:05:43.9007894Z libatk-bridge2.0-0t64 set to manually installed.
2025-08-24T06:05:43.9009214Z libatk1.0-0t64 is already the newest version (2.52.0-1build1).
2025-08-24T06:05:43.9009792Z libatk1.0-0t64 set to manually installed.
2025-08-24T06:05:43.9010413Z libatspi2.0-0t64 is already the newest version (2.52.0-1build1).
2025-08-24T06:05:43.9011020Z libatspi2.0-0t64 set to manually installed.
2025-08-24T06:05:43.9011599Z libcairo2 is already the newest version (1.18.0-3build1).
2025-08-24T06:05:43.9012063Z libcairo2 set to manually installed.
2025-08-24T06:05:43.9012583Z libcups2t64 is already the newest version (2.4.7-1.2ubuntu7.3).
2025-08-24T06:05:43.9013085Z libcups2t64 set to manually installed.
2025-08-24T06:05:43.9013600Z libdbus-1-3 is already the newest version (1.14.10-4ubuntu4.1).
2025-08-24T06:05:43.9014086Z libdbus-1-3 set to manually installed.
2025-08-24T06:05:43.9014609Z libdrm2 is already the newest version (2.4.122-1~ubuntu0.24.04.1).
2025-08-24T06:05:43.9015094Z libdrm2 set to manually installed.
2025-08-24T06:05:43.9015607Z libgbm1 is already the newest version (25.0.7-0ubuntu0.24.04.1).
2025-08-24T06:05:43.9016085Z libgbm1 set to manually installed.
2025-08-24T06:05:43.9016592Z libglib2.0-0t64 is already the newest version (2.80.0-6ubuntu3.4).
2025-08-24T06:05:43.9017100Z libglib2.0-0t64 set to manually installed.
2025-08-24T06:05:43.9017620Z libnspr4 is already the newest version (2:4.35-1.1build1).
2025-08-24T06:05:43.9018099Z libnspr4 set to manually installed.
2025-08-24T06:05:43.9018686Z libnss3 is already the newest version (2:3.98-1build1).
2025-08-24T06:05:43.9019147Z libnss3 set to manually installed.
2025-08-24T06:05:43.9019659Z libpango-1.0-0 is already the newest version (1.52.1+ds-1build1).
2025-08-24T06:05:43.9020162Z libpango-1.0-0 set to manually installed.
2025-08-24T06:05:43.9020658Z libx11-6 is already the newest version (2:1.8.7-1build1).
2025-08-24T06:05:43.9021110Z libx11-6 set to manually installed.
2025-08-24T06:05:43.9021573Z libxcb1 is already the newest version (1.15-1ubuntu2).
2025-08-24T06:05:43.9021996Z libxcb1 set to manually installed.
2025-08-24T06:05:43.9022400Z libxcomposite1 is already the newest version (1:0.4.5-1build3).
2025-08-24T06:05:43.9022813Z libxcomposite1 set to manually installed.
2025-08-24T06:05:43.9023233Z libxdamage1 is already the newest version (1:1.1.6-1build1).
2025-08-24T06:05:43.9023608Z libxdamage1 set to manually installed.
2025-08-24T06:05:43.9024001Z libxext6 is already the newest version (2:1.3.4-1build2).
2025-08-24T06:05:43.9024350Z libxext6 set to manually installed.
2025-08-24T06:05:43.9024723Z libxfixes3 is already the newest version (1:6.0.0-2build1).
2025-08-24T06:05:43.9025113Z libxfixes3 set to manually installed.
2025-08-24T06:05:43.9025500Z libxkbcommon0 is already the newest version (1.6.0-1build1).
2025-08-24T06:05:43.9025873Z libxkbcommon0 set to manually installed.
2025-08-24T06:05:43.9026446Z libxrandr2 is already the newest version (2:1.5.2-2build1).
2025-08-24T06:05:43.9026816Z libxrandr2 set to manually installed.
2025-08-24T06:05:43.9027232Z libcairo-gobject2 is already the newest version (1.18.0-3build1).
2025-08-24T06:05:43.9027644Z libcairo-gobject2 set to manually installed.
2025-08-24T06:05:43.9028067Z libfontconfig1 is already the newest version (2.15.0-1.1ubuntu2).
2025-08-24T06:05:43.9028459Z libfontconfig1 set to manually installed.
2025-08-24T06:05:43.9028995Z libfreetype6 is already the newest version (2.13.2+dfsg-1build3).
2025-08-24T06:05:43.9029378Z libfreetype6 set to manually installed.
2025-08-24T06:05:43.9029833Z libgdk-pixbuf-2.0-0 is already the newest version (2.42.10+dfsg-3ubuntu3.2).
2025-08-24T06:05:43.9030282Z libgdk-pixbuf-2.0-0 set to manually installed.
2025-08-24T06:05:43.9030711Z libgtk-3-0t64 is already the newest version (3.24.41-4ubuntu1.3).
2025-08-24T06:05:43.9031105Z libgtk-3-0t64 set to manually installed.
2025-08-24T06:05:43.9031537Z libpangocairo-1.0-0 is already the newest version (1.52.1+ds-1build1).
2025-08-24T06:05:43.9031988Z libpangocairo-1.0-0 set to manually installed.
2025-08-24T06:05:43.9032533Z libx11-xcb1 is already the newest version (2:1.8.7-1build1).
2025-08-24T06:05:43.9032895Z libx11-xcb1 set to manually installed.
2025-08-24T06:05:43.9033276Z libxcb-shm0 is already the newest version (1.15-1ubuntu2).
2025-08-24T06:05:43.9033636Z libxcb-shm0 set to manually installed.
2025-08-24T06:05:43.9034016Z libxcursor1 is already the newest version (1:1.2.1-1build1).
2025-08-24T06:05:43.9034384Z libxcursor1 set to manually installed.
2025-08-24T06:05:43.9034752Z libxi6 is already the newest version (2:1.8.1-1build1).
2025-08-24T06:05:43.9035095Z libxi6 set to manually installed.
2025-08-24T06:05:43.9035487Z libxrender1 is already the newest version (1:0.9.10-1.1build1).
2025-08-24T06:05:43.9035952Z libxrender1 set to manually installed.
2025-08-24T06:05:43.9036360Z libicu74 is already the newest version (74.2-1ubuntu3.1).
2025-08-24T06:05:43.9036718Z libicu74 set to manually installed.
2025-08-24T06:05:43.9037112Z libatomic1 is already the newest version (14.2.0-4ubuntu2~24.04).
2025-08-24T06:05:43.9037496Z libatomic1 set to manually installed.
2025-08-24T06:05:43.9037881Z libenchant-2-2 is already the newest version (2.3.3-2build2).
2025-08-24T06:05:43.9038255Z libenchant-2-2 set to manually installed.
2025-08-24T06:05:43.9038745Z libepoxy0 is already the newest version (1.5.10-1build1).
2025-08-24T06:05:43.9039107Z libepoxy0 set to manually installed.
2025-08-24T06:05:43.9039517Z libgstreamer1.0-0 is already the newest version (1.24.2-1ubuntu0.1).
2025-08-24T06:05:43.9039936Z libgstreamer1.0-0 set to manually installed.
2025-08-24T06:05:43.9040343Z libharfbuzz0b is already the newest version (8.3.0-2build2).
2025-08-24T06:05:43.9040719Z libharfbuzz0b set to manually installed.
2025-08-24T06:05:43.9041128Z libjpeg-turbo8 is already the newest version (2.1.5-2ubuntu2).
2025-08-24T06:05:43.9041522Z libjpeg-turbo8 set to manually installed.
2025-08-24T06:05:43.9042006Z liblcms2-2 is already the newest version (2.14-2build1).
2025-08-24T06:05:44.1017227Z liblcms2-2 set to manually installed.
2025-08-24T06:05:44.1018209Z libpng16-16t64 is already the newest version (1.6.43-5build1).
2025-08-24T06:05:44.1019421Z libpng16-16t64 set to manually installed.
2025-08-24T06:05:44.1020492Z libwayland-client0 is already the newest version (1.22.0-2.1build1).
2025-08-24T06:05:44.1021480Z libwayland-client0 set to manually installed.
2025-08-24T06:05:44.1022476Z libwayland-egl1 is already the newest version (1.22.0-2.1build1).
2025-08-24T06:05:44.1023420Z libwayland-egl1 set to manually installed.
2025-08-24T06:05:44.1024418Z libwayland-server0 is already the newest version (1.22.0-2.1build1).
2025-08-24T06:05:44.1025337Z libwayland-server0 set to manually installed.
2025-08-24T06:05:44.1026034Z libwebp7 is already the newest version (1.3.2-0.4build3).
2025-08-24T06:05:44.1026684Z libwebp7 set to manually installed.
2025-08-24T06:05:44.1027870Z libwebpdemux2 is already the newest version (1.3.2-0.4build3).
2025-08-24T06:05:44.1028837Z libwebpdemux2 set to manually installed.
2025-08-24T06:05:44.1029619Z libxslt1.1 is already the newest version (1.1.39-0exp1ubuntu0.24.04.2).
2025-08-24T06:05:44.1030320Z libxslt1.1 set to manually installed.
2025-08-24T06:05:44.1030998Z xvfb is already the newest version (2:21.1.12-1ubuntu1.4).
2025-08-24T06:05:44.1031904Z fonts-noto-color-emoji is already the newest version (2.047-0ubuntu0.24.04.1).
2025-08-24T06:05:44.1032787Z fonts-liberation is already the newest version (1:2.1.5-3).
2025-08-24T06:05:44.1033488Z fonts-liberation set to manually installed.
2025-08-24T06:05:44.1034172Z The following additional packages will be installed:
2025-08-24T06:05:44.1034958Z   glib-networking glib-networking-common glib-networking-services
2025-08-24T06:05:44.1035865Z   gsettings-desktop-schemas libaa1 libabsl20220623t64 libass9 libasyncns0
2025-08-24T06:05:44.1036799Z   libavc1394-0 libavcodec60 libavfilter9 libavformat60 libavtp0 libavutil58
2025-08-24T06:05:44.1037680Z   libblas3 libbluray2 libbs2b0 libcaca0 libcairo-script-interpreter2
2025-08-24T06:05:44.1038385Z   libcdparanoia0 libchromaprint1 libcjson1 libcodec2-1.2 libdav1d7
2025-08-24T06:05:44.1039544Z   libdc1394-25 libdca0 libdecor-0-0 libdirectfb-1.7-7t64 libdv4t64 libdvdnav4
2025-08-24T06:05:44.1040073Z   libdvdread8t64 libegl-mesa0 libegl1 libfaad2 libflac12t64 libfluidsynth3
2025-08-24T06:05:44.1040838Z   libfreeaptx0 libgav1-1 libgme0 libgraphene-1.0-0 libgsm1 libgssdp-1.6-0
2025-08-24T06:05:44.1041557Z   libgstreamer-plugins-good1.0-0 libgtk-4-common libgupnp-1.6-0
2025-08-24T06:05:44.1042044Z   libgupnp-igd-1.6-0 libhwy1t64 libiec61883-0 libimath-3-1-29t64
2025-08-24T06:05:44.1042512Z   libinstpatch-1.0-2 libjack-jackd2-0 libjxl0.7 liblapack3 liblc3-1
2025-08-24T06:05:44.1043020Z   libldacbt-enc2 liblilv-0-0 liblrdf0 libltc11 libmbedcrypto7t64 libmfx1
2025-08-24T06:05:44.1043475Z   libmjpegutils-2.1-0t64 libmodplug1 libmp3lame0 libmpcdec6
2025-08-24T06:05:44.1043936Z   libmpeg2encpp-2.1-0t64 libmpg123-0t64 libmplex2-2.1-0t64 libmysofa1
2025-08-24T06:05:44.1044413Z   libneon27t64 libnice10 libopenal-data libopenal1 libopenexr-3-1-30
2025-08-24T06:05:44.1044878Z   libopenh264-7 libopenmpt0t64 libopenni2-0 liborc-0.4-0t64
2025-08-24T06:05:44.1045330Z   libpipewire-0.3-0t64 libplacebo338 libpocketsphinx3 libpostproc57
2025-08-24T06:05:44.1045837Z   libproxy1v5 libpulse0 libqrencode4 libraptor2-0 librav1e0 libraw1394-11
2025-08-24T06:05:44.1046348Z   librist4 librsvg2-2 librubberband2 libsamplerate0 libsbc1 libsdl2-2.0-0
2025-08-24T06:05:44.1046857Z   libsecret-common libserd-0-0 libshine3 libshout3 libsndfile1 libsndio7.0
2025-08-24T06:05:44.1047354Z   libsord-0-0 libsoundtouch1 libsoup-3.0-0 libsoup-3.0-common libsoxr0
2025-08-24T06:05:44.1047862Z   libspa-0.2-modules libspandsp2t64 libspeex1 libsphinxbase3t64 libsratom-0-0
2025-08-24T06:05:44.1048392Z   libsrt1.5-gnutls libsrtp2-1 libssh-gcrypt-4 libsvtav1enc1d1 libswresample4
2025-08-24T06:05:44.1049080Z   libswscale7 libtag1v5 libtag1v5-vanilla libtheora0 libtwolame0 libudfread0
2025-08-24T06:05:44.1049598Z   libunibreak5 libv4l-0t64 libv4lconvert0t64 libva-drm2 libva-x11-2 libva2
2025-08-24T06:05:44.1050103Z   libvdpau1 libvidstab1.1 libvisual-0.4-0 libvo-aacenc0 libvo-amrwbenc0
2025-08-24T06:05:44.1050622Z   libvorbisenc2 libvpl2 libwavpack1 libwebrtc-audio-processing1 libwildmidi2
2025-08-24T06:05:44.1051164Z   libx265-199 libxcb-xkb1 libxkbcommon-x11-0 libxml2-dev libxvidcore4 libyuv0
2025-08-24T06:05:44.1051670Z   libzbar0t64 libzimg2 libzix-0-0 libzvbi-common libzvbi0t64 libzxing3
2025-08-24T06:05:44.1052189Z   ocl-icd-libopencl1 session-migration timgm6mb-soundfont xfonts-encodings
2025-08-24T06:05:44.1052557Z   xfonts-utils
2025-08-24T06:05:44.1052790Z Suggested packages:
2025-08-24T06:05:44.1053158Z   frei0r-plugins gvfs libcuda1 libnvcuvid1 libnvidia-encode1 libbluray-bdj
2025-08-24T06:05:44.1053668Z   libdirectfb-extra libdv-bin oss-compat libdvdcss2 libvisual-0.4-plugins
2025-08-24T06:05:44.1054316Z   jackd2 liblrdf0-dev libportaudio2 opus-tools pipewire pulseaudio
2025-08-24T06:05:44.1054800Z   raptor2-utils libraw1394-doc librsvg2-bin serdi sndiod sordi speex
2025-08-24T06:05:44.1055230Z   libwildmidi-config opencl-icd fluid-soundfont-gm
2025-08-24T06:05:44.1055544Z Recommended packages:
2025-08-24T06:05:44.1055881Z   fonts-ipafont-mincho fonts-tlwg-loma gstreamer1.0-x libaacs0
2025-08-24T06:05:44.1056354Z   default-libdecor-0-plugin-1 | libdecor-0-plugin-1 gstreamer1.0-gl
2025-08-24T06:05:44.1056876Z   libgtk-4-bin librsvg2-common libgtk-4-media-gstreamer libpipewire-0.3-common
2025-08-24T06:05:44.1057418Z   pocketsphinx-en-us va-driver-all | va-driver vdpau-driver-all | vdpau-driver
2025-08-24T06:05:44.1057813Z   libmagickcore-6.q16-7-extra
2025-08-24T06:05:44.2524076Z The following NEW packages will be installed:
2025-08-24T06:05:44.2525154Z   fonts-freefont-ttf fonts-ipafont-gothic fonts-tlwg-loma-otf fonts-unifont
2025-08-24T06:05:44.2526003Z   fonts-wqy-zenhei glib-networking glib-networking-common
2025-08-24T06:05:44.2526901Z   glib-networking-services gsettings-desktop-schemas gstreamer1.0-libav
2025-08-24T06:05:44.2528019Z   gstreamer1.0-plugins-bad gstreamer1.0-plugins-base gstreamer1.0-plugins-good
2025-08-24T06:05:44.2529509Z   libaa1 libabsl20220623t64 libass9 libasyncns0 libavc1394-0 libavcodec60
2025-08-24T06:05:44.2530025Z   libavfilter9 libavformat60 libavif16 libavtp0 libavutil58 libblas3
2025-08-24T06:05:44.2530563Z   libbluray2 libbs2b0 libcaca0 libcairo-script-interpreter2 libcdparanoia0
2025-08-24T06:05:44.2531082Z   libchromaprint1 libcjson1 libcodec2-1.2 libdav1d7 libdc1394-25 libdca0
2025-08-24T06:05:44.2531689Z   libdecor-0-0 libdirectfb-1.7-7t64 libdv4t64 libdvdnav4 libdvdread8t64
2025-08-24T06:05:44.2532560Z   libegl-mesa0 libegl1 libevent-2.1-7t64 libfaad2 libflac12t64 libflite1
2025-08-24T06:05:44.2533281Z   libfluidsynth3 libfreeaptx0 libgav1-1 libgles2 libgme0 libgraphene-1.0-0
2025-08-24T06:05:44.2533824Z   libgsm1 libgssdp-1.6-0 libgstreamer-gl1.0-0 libgstreamer-plugins-bad1.0-0
2025-08-24T06:05:44.2534387Z   libgstreamer-plugins-base1.0-0 libgstreamer-plugins-good1.0-0 libgtk-4-1
2025-08-24T06:05:44.2534907Z   libgtk-4-common libgupnp-1.6-0 libgupnp-igd-1.6-0 libharfbuzz-icu0
2025-08-24T06:05:44.2535421Z   libhwy1t64 libhyphen0 libiec61883-0 libimath-3-1-29t64 libinstpatch-1.0-2
2025-08-24T06:05:44.2535950Z   libjack-jackd2-0 libjxl0.7 liblapack3 liblc3-1 libldacbt-enc2 liblilv-0-0
2025-08-24T06:05:44.2536423Z   liblrdf0 libltc11 libmanette-0.2-0 libmbedcrypto7t64 libmfx1
2025-08-24T06:05:44.2536862Z   libmjpegutils-2.1-0t64 libmodplug1 libmp3lame0 libmpcdec6
2025-08-24T06:05:44.2537315Z   libmpeg2encpp-2.1-0t64 libmpg123-0t64 libmplex2-2.1-0t64 libmysofa1
2025-08-24T06:05:44.2537952Z   libneon27t64 libnice10 libopenal-data libopenal1 libopenexr-3-1-30
2025-08-24T06:05:44.2538456Z   libopenh264-7 libopenmpt0t64 libopenni2-0 libopus0 liborc-0.4-0t64
2025-08-24T06:05:44.2539250Z   libpipewire-0.3-0t64 libplacebo338 libpocketsphinx3 libpostproc57
2025-08-24T06:05:44.2539758Z   libproxy1v5 libpulse0 libqrencode4 libraptor2-0 librav1e0 libraw1394-11
2025-08-24T06:05:44.2540278Z   librist4 librsvg2-2 librubberband2 libsamplerate0 libsbc1 libsdl2-2.0-0
2025-08-24T06:05:44.2540793Z   libsecret-1-0 libsecret-common libserd-0-0 libshine3 libshout3 libsndfile1
2025-08-24T06:05:44.2541301Z   libsndio7.0 libsord-0-0 libsoundtouch1 libsoup-3.0-0 libsoup-3.0-common
2025-08-24T06:05:44.2541792Z   libsoxr0 libspa-0.2-modules libspandsp2t64 libspeex1 libsphinxbase3t64
2025-08-24T06:05:44.2542292Z   libsratom-0-0 libsrt1.5-gnutls libsrtp2-1 libssh-gcrypt-4 libsvtav1enc1d1
2025-08-24T06:05:44.2542793Z   libswresample4 libswscale7 libtag1v5 libtag1v5-vanilla libtheora0
2025-08-24T06:05:44.2543263Z   libtwolame0 libudfread0 libunibreak5 libv4l-0t64 libv4lconvert0t64
2025-08-24T06:05:44.2543736Z   libva-drm2 libva-x11-2 libva2 libvdpau1 libvidstab1.1 libvisual-0.4-0
2025-08-24T06:05:44.2544227Z   libvo-aacenc0 libvo-amrwbenc0 libvorbisenc2 libvpl2 libvpx9 libwavpack1
2025-08-24T06:05:44.2544950Z   libwebrtc-audio-processing1 libwildmidi2 libwoff1 libx264-164 libx265-199
2025-08-24T06:05:44.2545490Z   libxcb-xkb1 libxkbcommon-x11-0 libxvidcore4 libyuv0 libzbar0t64 libzimg2
2025-08-24T06:05:44.2545984Z   libzix-0-0 libzvbi-common libzvbi0t64 libzxing3 ocl-icd-libopencl1
2025-08-24T06:05:44.2546475Z   session-migration timgm6mb-soundfont xfonts-cyrillic xfonts-encodings
2025-08-24T06:05:44.2546878Z   xfonts-scalable xfonts-utils
2025-08-24T06:05:44.2551498Z The following packages will be upgraded:
2025-08-24T06:05:44.2554965Z   libxml2 libxml2-dev
2025-08-24T06:05:44.2804410Z 2 upgraded, 179 newly installed, 0 to remove and 23 not upgraded.
2025-08-24T06:05:44.2805137Z Need to get 115 MB of archives.
2025-08-24T06:05:44.2805839Z After this operation, 363 MB of additional disk space will be used.
2025-08-24T06:05:44.2806614Z Get:1 file:/etc/apt/apt-mirrors.txt Mirrorlist [144 B]
2025-08-24T06:05:44.3396644Z Get:2 http://azure.archive.ubuntu.com/ubuntu noble/universe amd64 fonts-ipafont-gothic all 00303-21ubuntu1 [3513 kB]
2025-08-24T06:05:44.5095416Z Get:3 http://azure.archive.ubuntu.com/ubuntu noble-updates/main amd64 libxml2-dev amd64 2.9.14+dfsg-1.3ubuntu3.4 [781 kB]
2025-08-24T06:05:44.5926523Z Get:4 http://azure.archive.ubuntu.com/ubuntu noble-updates/main amd64 libxml2 amd64 2.9.14+dfsg-1.3ubuntu3.4 [762 kB]
2025-08-24T06:05:44.6784553Z Get:5 http://azure.archive.ubuntu.com/ubuntu noble/main amd64 fonts-freefont-ttf all 20211204+svn4273-2 [5641 kB]
2025-08-24T06:05:44.8907981Z Get:6 http://azure.archive.ubuntu.com/ubuntu noble/universe amd64 fonts-tlwg-loma-otf all 1:0.7.3-1 [107 kB]
2025-08-24T06:05:44.9323983Z Get:7 http://azure.archive.ubuntu.com/ubuntu noble/universe amd64 fonts-unifont all 1:15.1.01-1build1 [2993 kB]
2025-08-24T06:05:45.1031573Z Get:8 http://azure.archive.ubuntu.com/ubuntu noble/universe amd64 fonts-wqy-zenhei all 0.9.45-8 [7472 kB]
2025-08-24T06:05:45.3921069Z Get:9 http://azure.archive.ubuntu.com/ubuntu noble/main amd64 libproxy1v5 amd64 0.5.4-4build1 [26.5 kB]
2025-08-24T06:05:45.4351949Z Get:10 http://azure.archive.ubuntu.com/ubuntu noble/main amd64 glib-networking-common all 2.80.0-1build1 [6702 B]
2025-08-24T06:05:45.4762796Z Get:11 http://azure.archive.ubuntu.com/ubuntu noble/main amd64 glib-networking-services amd64 2.80.0-1build1 [12.8 kB]
2025-08-24T06:05:45.5175629Z Get:12 http://azure.archive.ubuntu.com/ubuntu noble/main amd64 session-migration amd64 0.3.9build1 [9034 B]
2025-08-24T06:05:45.5590581Z Get:13 http://azure.archive.ubuntu.com/ubuntu noble-updates/main amd64 gsettings-desktop-schemas all 46.1-0ubuntu1 [35.6 kB]
2025-08-24T06:05:45.6009859Z Get:14 http://azure.archive.ubuntu.com/ubuntu noble/main amd64 glib-networking amd64 2.80.0-1build1 [64.1 kB]
2025-08-24T06:05:45.6431890Z Get:15 http://azure.archive.ubuntu.com/ubuntu noble/universe amd64 libva2 amd64 2.20.0-2build1 [66.2 kB]
2025-08-24T06:05:45.6846418Z Get:16 http://azure.archive.ubuntu.com/ubuntu noble/universe amd64 libva-drm2 amd64 2.20.0-2build1 [7124 B]
2025-08-24T06:05:45.7255637Z Get:17 http://azure.archive.ubuntu.com/ubuntu noble/universe amd64 libva-x11-2 amd64 2.20.0-2build1 [12.0 kB]
2025-08-24T06:05:45.7669780Z Get:18 http://azure.archive.ubuntu.com/ubuntu noble/main amd64 libvdpau1 amd64 1.5-2build1 [27.8 kB]
2025-08-24T06:05:45.8083474Z Get:19 http://azure.archive.ubuntu.com/ubuntu noble/universe amd64 libvpl2 amd64 2023.3.0-1build1 [99.8 kB]
2025-08-24T06:05:45.8543144Z Get:20 http://azure.archive.ubuntu.com/ubuntu noble/universe amd64 ocl-icd-libopencl1 amd64 2.3.2-1build1 [38.5 kB]
2025-08-24T06:05:45.8975488Z Get:21 http://azure.archive.ubuntu.com/ubuntu noble/universe amd64 libavutil58 amd64 7:6.1.1-3ubuntu5 [401 kB]
2025-08-24T06:05:45.9819620Z Get:22 http://azure.archive.ubuntu.com/ubuntu noble/universe amd64 libcodec2-1.2 amd64 1.2.0-2build1 [8998 kB]
2025-08-24T06:05:46.2614223Z Get:23 http://azure.archive.ubuntu.com/ubuntu noble/universe amd64 libdav1d7 amd64 1.4.1-1build1 [604 kB]
2025-08-24T06:05:46.3433861Z Get:24 http://azure.archive.ubuntu.com/ubuntu noble/universe amd64 libgsm1 amd64 1.0.22-1build1 [27.8 kB]
2025-08-24T06:05:46.3845844Z Get:25 http://azure.archive.ubuntu.com/ubuntu noble/universe amd64 libhwy1t64 amd64 1.0.7-8.1build1 [584 kB]
2025-08-24T06:05:46.4659882Z Get:26 http://azure.archive.ubuntu.com/ubuntu noble-updates/universe amd64 libjxl0.7 amd64 0.7.0-10.2ubuntu6.1 [1001 kB]
2025-08-24T06:05:46.5581508Z Get:27 http://azure.archive.ubuntu.com/ubuntu noble/main amd64 libmp3lame0 amd64 3.100-6build1 [142 kB]
2025-08-24T06:05:46.5997317Z Get:28 http://azure.archive.ubuntu.com/ubuntu noble/main amd64 libopus0 amd64 1.4-1build1 [208 kB]
2025-08-24T06:05:46.6441469Z Get:29 http://azure.archive.ubuntu.com/ubuntu noble/universe amd64 librav1e0 amd64 0.7.1-2 [1022 kB]
2025-08-24T06:05:46.7266402Z Get:30 http://azure.archive.ubuntu.com/ubuntu noble/main amd64 librsvg2-2 amd64 2.58.0+dfsg-1build1 [2135 kB]
2025-08-24T06:05:46.8525400Z Get:31 http://azure.archive.ubuntu.com/ubuntu noble/universe amd64 libshine3 amd64 3.1.1-2build1 [23.2 kB]
2025-08-24T06:05:46.8941081Z Get:32 http://azure.archive.ubuntu.com/ubuntu noble-updates/main amd64 libspeex1 amd64 1.2.1-2ubuntu2.24.04.1 [59.6 kB]
2025-08-24T06:05:46.9382972Z Get:33 http://azure.archive.ubuntu.com/ubuntu noble/universe amd64 libsvtav1enc1d1 amd64 1.7.0+dfsg-2build1 [2425 kB]
2025-08-24T06:05:47.0629701Z Get:34 http://azure.archive.ubuntu.com/ubuntu noble/universe amd64 libsoxr0 amd64 0.1.3-4build3 [80.0 kB]
2025-08-24T06:05:47.1065186Z Get:35 http://azure.archive.ubuntu.com/ubuntu noble/universe amd64 libswresample4 amd64 7:6.1.1-3ubuntu5 [63.8 kB]
2025-08-24T06:05:47.1489451Z Get:36 http://azure.archive.ubuntu.com/ubuntu noble/main amd64 libtheora0 amd64 1.1.1+dfsg.1-16.1build3 [211 kB]
2025-08-24T06:05:47.1909561Z Get:37 http://azure.archive.ubuntu.com/ubuntu noble/main amd64 libtwolame0 amd64 0.4.0-2build3 [52.3 kB]
2025-08-24T06:05:47.2323995Z Get:38 http://azure.archive.ubuntu.com/ubuntu noble/main amd64 libvorbisenc2 amd64 1.3.7-1build3 [80.8 kB]
2025-08-24T06:05:47.2752794Z Get:39 http://azure.archive.ubuntu.com/ubuntu noble-updates/main amd64 libvpx9 amd64 1.14.0-1ubuntu2.2 [1143 kB]
2025-08-24T06:05:47.3700954Z Get:40 http://azure.archive.ubuntu.com/ubuntu noble/universe amd64 libx264-164 amd64 2:0.164.3108+git31e19f9-1 [604 kB]
2025-08-24T06:05:47.4201047Z Get:41 http://azure.archive.ubuntu.com/ubuntu noble/universe amd64 libx265-199 amd64 3.5-2build1 [1226 kB]
2025-08-24T06:05:47.5105915Z Get:42 http://azure.archive.ubuntu.com/ubuntu noble/universe amd64 libxvidcore4 amd64 2:1.3.7-1build1 [219 kB]
2025-08-24T06:05:47.5595296Z Get:43 http://azure.archive.ubuntu.com/ubuntu noble/universe amd64 libzvbi-common all 0.2.42-2 [42.4 kB]
2025-08-24T06:05:47.6035836Z Get:44 http://azure.archive.ubuntu.com/ubuntu noble/universe amd64 libzvbi0t64 amd64 0.2.42-2 [261 kB]
2025-08-24T06:05:47.6479113Z Get:45 http://azure.archive.ubuntu.com/ubuntu noble/universe amd64 libavcodec60 amd64 7:6.1.1-3ubuntu5 [5851 kB]
2025-08-24T06:05:47.8612421Z Get:46 http://azure.archive.ubuntu.com/ubuntu noble/universe amd64 libunibreak5 amd64 5.1-2build1 [25.0 kB]
2025-08-24T06:05:47.9024951Z Get:47 http://azure.archive.ubuntu.com/ubuntu noble/universe amd64 libass9 amd64 1:0.17.1-2build1 [104 kB]
2025-08-24T06:05:47.9989931Z Get:48 http://azure.archive.ubuntu.com/ubuntu noble/universe amd64 libudfread0 amd64 1.1.2-1build1 [19.0 kB]
2025-08-24T06:05:48.0432258Z Get:49 http://azure.archive.ubuntu.com/ubuntu noble/universe amd64 libbluray2 amd64 1:1.3.4-1build1 [159 kB]
2025-08-24T06:05:48.1317797Z Get:50 http://azure.archive.ubuntu.com/ubuntu noble/universe amd64 libchromaprint1 amd64 1.5.1-5 [30.5 kB]
2025-08-24T06:05:48.1758147Z Get:51 http://azure.archive.ubuntu.com/ubuntu noble/universe amd64 libgme0 amd64 0.6.3-7build1 [134 kB]
2025-08-24T06:05:48.2242753Z Get:52 http://azure.archive.ubuntu.com/ubuntu noble-updates/main amd64 libmpg123-0t64 amd64 1.32.5-1ubuntu1.1 [169 kB]
2025-08-24T06:05:48.2702157Z Get:53 http://azure.archive.ubuntu.com/ubuntu noble/universe amd64 libopenmpt0t64 amd64 0.7.3-1.1build3 [647 kB]
2025-08-24T06:05:48.3565693Z Get:54 http://azure.archive.ubuntu.com/ubuntu noble/universe amd64 libcjson1 amd64 1.7.17-1 [24.8 kB]
2025-08-24T06:05:48.3977403Z Get:55 http://azure.archive.ubuntu.com/ubuntu noble/universe amd64 libmbedcrypto7t64 amd64 2.28.8-1 [209 kB]
2025-08-24T06:05:48.4432459Z Get:56 http://azure.archive.ubuntu.com/ubuntu noble/universe amd64 librist4 amd64 0.2.10+dfsg-2 [74.9 kB]
2025-08-24T06:05:48.4869983Z Get:57 http://azure.archive.ubuntu.com/ubuntu noble/universe amd64 libsrt1.5-gnutls amd64 1.5.3-1build2 [316 kB]
2025-08-24T06:05:48.5309936Z Get:58 http://azure.archive.ubuntu.com/ubuntu noble-updates/main amd64 libssh-gcrypt-4 amd64 0.10.6-2ubuntu0.1 [224 kB]
2025-08-24T06:05:48.5736999Z Get:59 http://azure.archive.ubuntu.com/ubuntu noble/universe amd64 libavformat60 amd64 7:6.1.1-3ubuntu5 [1153 kB]
2025-08-24T06:05:48.6581203Z Get:60 http://azure.archive.ubuntu.com/ubuntu noble/universe amd64 libbs2b0 amd64 3.1.0+dfsg-7build1 [10.6 kB]
2025-08-24T06:05:48.7003434Z Get:61 http://azure.archive.ubuntu.com/ubuntu noble/universe amd64 libflite1 amd64 2.2-6build3 [13.6 MB]
2025-08-24T06:05:49.0243084Z Get:62 http://azure.archive.ubuntu.com/ubuntu noble/universe amd64 libserd-0-0 amd64 0.32.2-1 [43.6 kB]
2025-08-24T06:05:49.0656757Z Get:63 http://azure.archive.ubuntu.com/ubuntu noble/universe amd64 libzix-0-0 amd64 0.4.2-2build1 [23.6 kB]
2025-08-24T06:05:49.1084555Z Get:64 http://azure.archive.ubuntu.com/ubuntu noble/universe amd64 libsord-0-0 amd64 0.16.16-2build1 [15.8 kB]
2025-08-24T06:05:49.1499454Z Get:65 http://azure.archive.ubuntu.com/ubuntu noble/universe amd64 libsratom-0-0 amd64 0.6.16-1build1 [17.3 kB]
2025-08-24T06:05:49.1912621Z Get:66 http://azure.archive.ubuntu.com/ubuntu noble/universe amd64 liblilv-0-0 amd64 0.24.22-1build1 [41.0 kB]
2025-08-24T06:05:49.2328108Z Get:67 http://azure.archive.ubuntu.com/ubuntu noble/universe amd64 libmysofa1 amd64 1.3.2+dfsg-2ubuntu2 [1158 kB]
2025-08-24T06:05:49.3241881Z Get:68 http://azure.archive.ubuntu.com/ubuntu noble/universe amd64 libplacebo338 amd64 6.338.2-2build1 [2654 kB]
2025-08-24T06:05:49.4523889Z Get:69 http://azure.archive.ubuntu.com/ubuntu noble-updates/main amd64 libblas3 amd64 3.12.0-3build1.1 [238 kB]
2025-08-24T06:05:49.4960314Z Get:70 http://azure.archive.ubuntu.com/ubuntu noble-updates/main amd64 liblapack3 amd64 3.12.0-3build1.1 [2646 kB]
2025-08-24T06:05:49.6226680Z Get:71 http://azure.archive.ubuntu.com/ubuntu noble/main amd64 libasyncns0 amd64 0.8-6build4 [11.3 kB]
2025-08-24T06:05:49.6637544Z Get:72 http://azure.archive.ubuntu.com/ubuntu noble/main amd64 libflac12t64 amd64 1.4.3+ds-2.1ubuntu2 [197 kB]
2025-08-24T06:05:49.7062077Z Get:73 http://azure.archive.ubuntu.com/ubuntu noble-updates/main amd64 libsndfile1 amd64 1.2.2-1ubuntu5.24.04.1 [209 kB]
2025-08-24T06:05:49.7663081Z Get:74 http://azure.archive.ubuntu.com/ubuntu noble-updates/main amd64 libpulse0 amd64 1:16.1+dfsg1-2ubuntu10.1 [292 kB]
2025-08-24T06:05:49.8232706Z Get:75 http://azure.archive.ubuntu.com/ubuntu noble/universe amd64 libsphinxbase3t64 amd64 0.8+5prealpha+1-17build2 [126 kB]
2025-08-24T06:05:49.8662732Z Get:76 http://azure.archive.ubuntu.com/ubuntu noble/universe amd64 libpocketsphinx3 amd64 0.8.0+real5prealpha+1-15ubuntu5 [133 kB]
2025-08-24T06:05:49.9105064Z Get:77 http://azure.archive.ubuntu.com/ubuntu noble/universe amd64 libpostproc57 amd64 7:6.1.1-3ubuntu5 [49.9 kB]
2025-08-24T06:05:49.9523247Z Get:78 http://azure.archive.ubuntu.com/ubuntu noble/main amd64 libsamplerate0 amd64 0.2.2-4build1 [1344 kB]
2025-08-24T06:05:50.0420500Z Get:79 http://azure.archive.ubuntu.com/ubuntu noble/universe amd64 librubberband2 amd64 3.3.0+dfsg-2build1 [130 kB]
2025-08-24T06:05:50.0843534Z Get:80 http://azure.archive.ubuntu.com/ubuntu noble/universe amd64 libswscale7 amd64 7:6.1.1-3ubuntu5 [193 kB]
2025-08-24T06:05:50.1360110Z Get:81 http://azure.archive.ubuntu.com/ubuntu noble/universe amd64 libvidstab1.1 amd64 1.1.0-2build1 [38.5 kB]
2025-08-24T06:05:50.1784537Z Get:82 http://azure.archive.ubuntu.com/ubuntu noble/universe amd64 libzimg2 amd64 3.0.5+ds1-1build1 [254 kB]
2025-08-24T06:05:50.2254822Z Get:83 http://azure.archive.ubuntu.com/ubuntu noble/universe amd64 libavfilter9 amd64 7:6.1.1-3ubuntu5 [4235 kB]
2025-08-24T06:05:50.3936898Z Get:84 http://azure.archive.ubuntu.com/ubuntu noble-updates/main amd64 liborc-0.4-0t64 amd64 1:0.4.38-1ubuntu0.1 [207 kB]
2025-08-24T06:05:50.4384935Z Get:85 http://azure.archive.ubuntu.com/ubuntu noble-updates/main amd64 libgstreamer-plugins-base1.0-0 amd64 1.24.2-1ubuntu0.2 [862 kB]
2025-08-24T06:05:50.5221191Z Get:86 http://azure.archive.ubuntu.com/ubuntu noble/universe amd64 gstreamer1.0-libav amd64 1.24.1-1build1 [103 kB]
2025-08-24T06:05:50.5646626Z Get:87 http://azure.archive.ubuntu.com/ubuntu noble/main amd64 libcdparanoia0 amd64 3.10.2+debian-14build3 [48.5 kB]
2025-08-24T06:05:50.6059442Z Get:88 http://azure.archive.ubuntu.com/ubuntu noble/main amd64 libvisual-0.4-0 amd64 0.4.2-2build1 [115 kB]
2025-08-24T06:05:50.6495380Z Get:89 http://azure.archive.ubuntu.com/ubuntu noble-updates/main amd64 gstreamer1.0-plugins-base amd64 1.24.2-1ubuntu0.2 [721 kB]
2025-08-24T06:05:50.7357318Z Get:90 http://azure.archive.ubuntu.com/ubuntu noble/main amd64 libaa1 amd64 1.4p5-51.1 [49.9 kB]
2025-08-24T06:05:50.7776670Z Get:91 http://azure.archive.ubuntu.com/ubuntu noble/main amd64 libraw1394-11 amd64 2.1.2-2build3 [26.2 kB]
2025-08-24T06:05:50.8188511Z Get:92 http://azure.archive.ubuntu.com/ubuntu noble/main amd64 libavc1394-0 amd64 0.5.4-5build3 [15.4 kB]
2025-08-24T06:05:50.8649044Z Get:93 http://azure.archive.ubuntu.com/ubuntu noble/main amd64 libcaca0 amd64 0.99.beta20-4build2 [208 kB]
2025-08-24T06:05:50.9074080Z Get:94 http://azure.archive.ubuntu.com/ubuntu noble/main amd64 libdv4t64 amd64 1.0.0-17.1build1 [63.2 kB]
2025-08-24T06:05:50.9494289Z Get:95 http://azure.archive.ubuntu.com/ubuntu noble-updates/main amd64 libgstreamer-plugins-good1.0-0 amd64 1.24.2-1ubuntu1.1 [32.9 kB]
2025-08-24T06:05:50.9907753Z Get:96 http://azure.archive.ubuntu.com/ubuntu noble/main amd64 libiec61883-0 amd64 1.2.0-6build1 [24.5 kB]
2025-08-24T06:05:51.0324661Z Get:97 http://azure.archive.ubuntu.com/ubuntu noble/main amd64 libshout3 amd64 2.4.6-1build2 [50.3 kB]
2025-08-24T06:05:51.0739478Z Get:98 http://azure.archive.ubuntu.com/ubuntu noble/main amd64 libtag1v5-vanilla amd64 1.13.1-1build1 [326 kB]
2025-08-24T06:05:51.1183786Z Get:99 http://azure.archive.ubuntu.com/ubuntu noble/main amd64 libtag1v5 amd64 1.13.1-1build1 [11.7 kB]
2025-08-24T06:05:51.1594951Z Get:100 http://azure.archive.ubuntu.com/ubuntu noble/main amd64 libv4lconvert0t64 amd64 1.26.1-4build3 [87.6 kB]
2025-08-24T06:05:51.2024649Z Get:101 http://azure.archive.ubuntu.com/ubuntu noble/main amd64 libv4l-0t64 amd64 1.26.1-4build3 [46.9 kB]
2025-08-24T06:05:51.2453628Z Get:102 http://azure.archive.ubuntu.com/ubuntu noble/main amd64 libwavpack1 amd64 5.6.0-1build1 [84.6 kB]
2025-08-24T06:05:51.2907513Z Get:103 http://azure.archive.ubuntu.com/ubuntu noble-updates/main amd64 libsoup-3.0-common all 3.4.4-5ubuntu0.5 [11.3 kB]
2025-08-24T06:05:51.3320317Z Get:104 http://azure.archive.ubuntu.com/ubuntu noble-updates/main amd64 libsoup-3.0-0 amd64 3.4.4-5ubuntu0.5 [291 kB]
2025-08-24T06:05:51.3792906Z Get:105 http://azure.archive.ubuntu.com/ubuntu noble-updates/main amd64 gstreamer1.0-plugins-good amd64 1.24.2-1ubuntu1.1 [2238 kB]
2025-08-24T06:05:51.5050913Z Get:106 http://azure.archive.ubuntu.com/ubuntu noble-updates/main amd64 libabsl20220623t64 amd64 20220623.1-3.1ubuntu3.2 [423 kB]
2025-08-24T06:05:51.5526408Z Get:107 http://azure.archive.ubuntu.com/ubuntu noble/universe amd64 libgav1-1 amd64 0.18.0-1build3 [357 kB]
2025-08-24T06:05:51.5992582Z Get:108 http://azure.archive.ubuntu.com/ubuntu noble/universe amd64 libyuv0 amd64 0.0~git202401110.af6ac82-1 [178 kB]
2025-08-24T06:05:51.6414660Z Get:109 http://azure.archive.ubuntu.com/ubuntu noble/universe amd64 libavif16 amd64 1.0.4-1ubuntu3 [91.2 kB]
2025-08-24T06:05:51.6831734Z Get:110 http://azure.archive.ubuntu.com/ubuntu noble/universe amd64 libavtp0 amd64 0.2.0-1build1 [6414 B]
2025-08-24T06:05:51.7246141Z Get:111 http://azure.archive.ubuntu.com/ubuntu noble/main amd64 libcairo-script-interpreter2 amd64 1.18.0-3build1 [60.3 kB]
2025-08-24T06:05:51.7659303Z Get:112 http://azure.archive.ubuntu.com/ubuntu noble/universe amd64 libdc1394-25 amd64 2.2.6-4build1 [90.1 kB]
2025-08-24T06:05:51.8073762Z Get:113 http://azure.archive.ubuntu.com/ubuntu noble/main amd64 libdecor-0-0 amd64 0.2.2-1build2 [16.5 kB]
2025-08-24T06:05:51.8483886Z Get:114 http://azure.archive.ubuntu.com/ubuntu noble/main amd64 libgles2 amd64 1.7.0-1build1 [17.1 kB]
2025-08-24T06:05:51.8898410Z Get:115 http://azure.archive.ubuntu.com/ubuntu noble/universe amd64 libdirectfb-1.7-7t64 amd64 1.7.7-11.1ubuntu2 [1035 kB]
2025-08-24T06:05:51.9744226Z Get:116 http://azure.archive.ubuntu.com/ubuntu noble/universe amd64 libdvdread8t64 amd64 6.1.3-1.1build1 [54.7 kB]
2025-08-24T06:05:52.0166551Z Get:117 http://azure.archive.ubuntu.com/ubuntu noble/universe amd64 libdvdnav4 amd64 6.1.1-3build1 [39.5 kB]
2025-08-24T06:05:52.0581883Z Get:118 http://azure.archive.ubuntu.com/ubuntu noble-updates/main amd64 libegl-mesa0 amd64 25.0.7-0ubuntu0.24.04.1 [124 kB]
2025-08-24T06:05:52.1004043Z Get:119 http://azure.archive.ubuntu.com/ubuntu noble/main amd64 libevent-2.1-7t64 amd64 2.1.12-stable-9ubuntu2 [145 kB]
2025-08-24T06:05:52.1423716Z Get:120 http://azure.archive.ubuntu.com/ubuntu noble/universe amd64 libfaad2 amd64 2.11.1-1build1 [207 kB]
2025-08-24T06:05:52.1860216Z Get:121 http://azure.archive.ubuntu.com/ubuntu noble/universe amd64 libinstpatch-1.0-2 amd64 1.1.6-1build2 [251 kB]
2025-08-24T06:05:52.2293436Z Get:122 http://azure.archive.ubuntu.com/ubuntu noble/main amd64 libjack-jackd2-0 amd64 1.9.21~dfsg-3ubuntu3 [289 kB]
2025-08-24T06:05:52.2745203Z Get:123 http://azure.archive.ubuntu.com/ubuntu noble/main amd64 libwebrtc-audio-processing1 amd64 0.3.1-0ubuntu6 [290 kB]
2025-08-24T06:05:52.3180599Z Get:124 http://azure.archive.ubuntu.com/ubuntu noble-updates/main amd64 libspa-0.2-modules amd64 1.0.5-1ubuntu3.1 [626 kB]
2025-08-24T06:05:52.3985181Z Get:125 http://azure.archive.ubuntu.com/ubuntu noble-updates/main amd64 libpipewire-0.3-0t64 amd64 1.0.5-1ubuntu3.1 [252 kB]
2025-08-24T06:05:52.4474950Z Get:126 http://azure.archive.ubuntu.com/ubuntu noble-updates/main amd64 libsdl2-2.0-0 amd64 2.30.0+dfsg-1ubuntu3.1 [686 kB]
2025-08-24T06:05:52.5332697Z Get:127 http://azure.archive.ubuntu.com/ubuntu noble/universe amd64 timgm6mb-soundfont all 1.3-5 [5427 kB]
2025-08-24T06:05:52.7117200Z Get:128 http://azure.archive.ubuntu.com/ubuntu noble/universe amd64 libfluidsynth3 amd64 2.3.4-1build3 [249 kB]
2025-08-24T06:05:52.7581198Z Get:129 http://azure.archive.ubuntu.com/ubuntu noble/main amd64 libfreeaptx0 amd64 0.1.1-2build1 [13.5 kB]
2025-08-24T06:05:52.8024333Z Get:130 http://azure.archive.ubuntu.com/ubuntu noble/main amd64 libgraphene-1.0-0 amd64 1.10.8-3build2 [46.2 kB]
2025-08-24T06:05:52.8471925Z Get:131 http://azure.archive.ubuntu.com/ubuntu noble/main amd64 libgssdp-1.6-0 amd64 1.6.3-1build3 [40.4 kB]
2025-08-24T06:05:52.8919980Z Get:132 http://azure.archive.ubuntu.com/ubuntu noble/main amd64 libegl1 amd64 1.7.0-1build1 [28.7 kB]
2025-08-24T06:05:52.9368235Z Get:133 http://azure.archive.ubuntu.com/ubuntu noble-updates/main amd64 libgstreamer-gl1.0-0 amd64 1.24.2-1ubuntu0.2 [214 kB]
2025-08-24T06:05:52.9833164Z Get:134 http://azure.archive.ubuntu.com/ubuntu noble-updates/main amd64 libgtk-4-common all 4.14.5+ds-0ubuntu0.4 [1497 kB]
2025-08-24T06:05:53.0924149Z Get:135 http://azure.archive.ubuntu.com/ubuntu noble-updates/main amd64 libgtk-4-1 amd64 4.14.5+ds-0ubuntu0.4 [3293 kB]
2025-08-24T06:05:53.2637442Z Get:136 http://azure.archive.ubuntu.com/ubuntu noble/main amd64 libgupnp-1.6-0 amd64 1.6.6-1build3 [92.7 kB]
2025-08-24T06:05:53.3083223Z Get:137 http://azure.archive.ubuntu.com/ubuntu noble/universe amd64 libgupnp-igd-1.6-0 amd64 1.6.0-3build3 [16.5 kB]
2025-08-24T06:05:53.3523578Z Get:138 http://azure.archive.ubuntu.com/ubuntu noble/main amd64 libharfbuzz-icu0 amd64 8.3.0-2build2 [13.3 kB]
2025-08-24T06:05:53.3970273Z Get:139 http://azure.archive.ubuntu.com/ubuntu noble/main amd64 libhyphen0 amd64 2.8.8-7build3 [26.5 kB]
2025-08-24T06:05:53.4409475Z Get:140 http://azure.archive.ubuntu.com/ubuntu noble/universe amd64 libimath-3-1-29t64 amd64 3.1.9-3.1ubuntu2 [72.2 kB]
2025-08-24T06:05:53.4914495Z Get:141 http://azure.archive.ubuntu.com/ubuntu noble/main amd64 liblc3-1 amd64 1.0.4-3build1 [69.7 kB]
2025-08-24T06:05:53.5361259Z Get:142 http://azure.archive.ubuntu.com/ubuntu noble/main amd64 libldacbt-enc2 amd64 2.0.2.3+git20200429+ed310a0-4ubuntu2 [27.1 kB]
2025-08-24T06:05:53.5805335Z Get:143 http://azure.archive.ubuntu.com/ubuntu noble-updates/main amd64 libraptor2-0 amd64 2.0.16-3ubuntu0.1 [165 kB]
2025-08-24T06:05:53.6271256Z Get:144 http://azure.archive.ubuntu.com/ubuntu noble/universe amd64 liblrdf0 amd64 0.6.1-4build1 [18.5 kB]
2025-08-24T06:05:53.6712540Z Get:145 http://azure.archive.ubuntu.com/ubuntu noble/universe amd64 libltc11 amd64 1.3.2-1build1 [13.0 kB]
2025-08-24T06:05:53.7153689Z Get:146 http://azure.archive.ubuntu.com/ubuntu noble/main amd64 libmanette-0.2-0 amd64 0.2.7-1build2 [30.6 kB]
2025-08-24T06:05:53.7596508Z Get:147 http://azure.archive.ubuntu.com/ubuntu noble/universe amd64 libmfx1 amd64 22.5.4-1 [3124 kB]
2025-08-24T06:05:53.9052897Z Get:148 http://azure.archive.ubuntu.com/ubuntu noble/universe amd64 libmjpegutils-2.1-0t64 amd64 1:2.1.0+debian-8.1build1 [25.5 kB]
2025-08-24T06:05:53.9506885Z Get:149 http://azure.archive.ubuntu.com/ubuntu noble/universe amd64 libmodplug1 amd64 1:0.8.9.0-3build1 [166 kB]
2025-08-24T06:05:53.9964259Z Get:150 http://azure.archive.ubuntu.com/ubuntu noble/universe amd64 libmpcdec6 amd64 2:0.1~r495-2build1 [32.7 kB]
2025-08-24T06:05:54.0406148Z Get:151 http://azure.archive.ubuntu.com/ubuntu noble/universe amd64 libmpeg2encpp-2.1-0t64 amd64 1:2.1.0+debian-8.1build1 [75.6 kB]
2025-08-24T06:05:54.0855189Z Get:152 http://azure.archive.ubuntu.com/ubuntu noble/universe amd64 libmplex2-2.1-0t64 amd64 1:2.1.0+debian-8.1build1 [46.1 kB]
2025-08-24T06:05:54.1300477Z Get:153 http://azure.archive.ubuntu.com/ubuntu noble/universe amd64 libneon27t64 amd64 0.33.0-1.1build3 [102 kB]
2025-08-24T06:05:54.1849736Z Get:154 http://azure.archive.ubuntu.com/ubuntu noble/universe amd64 libnice10 amd64 0.1.21-2build3 [157 kB]
2025-08-24T06:05:54.2309633Z Get:155 http://azure.archive.ubuntu.com/ubuntu noble/universe amd64 libopenal-data all 1:1.23.1-4build1 [161 kB]
2025-08-24T06:05:54.2774425Z Get:156 http://azure.archive.ubuntu.com/ubuntu noble/universe amd64 libopenexr-3-1-30 amd64 3.1.5-5.1build3 [1004 kB]
2025-08-24T06:05:54.3720074Z Get:157 http://azure.archive.ubuntu.com/ubuntu noble/universe amd64 libopenh264-7 amd64 2.4.1+dfsg-1 [409 kB]
2025-08-24T06:05:54.4263713Z Get:158 http://azure.archive.ubuntu.com/ubuntu noble/universe amd64 libopenni2-0 amd64 2.2.0.33+dfsg-18 [370 kB]
2025-08-24T06:05:54.4754597Z Get:159 http://azure.archive.ubuntu.com/ubuntu noble/universe amd64 libqrencode4 amd64 4.1.1-1build2 [25.0 kB]
2025-08-24T06:05:54.5203478Z Get:160 http://azure.archive.ubuntu.com/ubuntu noble/main amd64 libsecret-common all 0.21.4-1build3 [4962 B]
2025-08-24T06:05:54.5640107Z Get:161 http://azure.archive.ubuntu.com/ubuntu noble/main amd64 libsecret-1-0 amd64 0.21.4-1build3 [116 kB]
2025-08-24T06:05:54.6113427Z Get:162 http://azure.archive.ubuntu.com/ubuntu noble/universe amd64 libsndio7.0 amd64 1.9.0-0.3build3 [29.6 kB]
2025-08-24T06:05:54.6553384Z Get:163 http://azure.archive.ubuntu.com/ubuntu noble/universe amd64 libsoundtouch1 amd64 2.3.2+ds1-1build1 [60.5 kB]
2025-08-24T06:05:54.6973674Z Get:164 http://azure.archive.ubuntu.com/ubuntu noble/universe amd64 libspandsp2t64 amd64 0.0.6+dfsg-2.1build1 [311 kB]
2025-08-24T06:05:54.7487941Z Get:165 http://azure.archive.ubuntu.com/ubuntu noble/universe amd64 libsrtp2-1 amd64 2.5.0-3build1 [41.9 kB]
2025-08-24T06:05:54.7900904Z Get:166 http://azure.archive.ubuntu.com/ubuntu noble/universe amd64 libwildmidi2 amd64 0.4.3-1build3 [68.5 kB]
2025-08-24T06:05:54.8330126Z Get:167 http://azure.archive.ubuntu.com/ubuntu noble/main amd64 libwoff1 amd64 1.0.2-2build1 [45.3 kB]
2025-08-24T06:05:54.8739660Z Get:168 http://azure.archive.ubuntu.com/ubuntu noble/main amd64 libxcb-xkb1 amd64 1.15-1ubuntu2 [32.3 kB]
2025-08-24T06:05:54.9165399Z Get:169 http://azure.archive.ubuntu.com/ubuntu noble/main amd64 libxkbcommon-x11-0 amd64 1.6.0-1build1 [14.5 kB]
2025-08-24T06:05:54.9573411Z Get:170 http://azure.archive.ubuntu.com/ubuntu noble/universe amd64 libzbar0t64 amd64 0.23.93-4build3 [123 kB]
2025-08-24T06:05:54.9996007Z Get:171 http://azure.archive.ubuntu.com/ubuntu noble/universe amd64 libzxing3 amd64 2.2.1-3 [583 kB]
2025-08-24T06:05:55.0819531Z Get:172 http://azure.archive.ubuntu.com/ubuntu noble/main amd64 xfonts-encodings all 1:1.0.5-0ubuntu2 [578 kB]
2025-08-24T06:05:55.1643884Z Get:173 http://azure.archive.ubuntu.com/ubuntu noble/main amd64 xfonts-utils amd64 1:7.7+6build3 [94.4 kB]
2025-08-24T06:05:55.2472629Z Get:174 http://azure.archive.ubuntu.com/ubuntu noble/universe amd64 xfonts-cyrillic all 1:1.0.5+nmu1 [384 kB]
2025-08-24T06:05:55.3266788Z Get:175 http://azure.archive.ubuntu.com/ubuntu noble/main amd64 xfonts-scalable all 1:1.0.3-1.3 [304 kB]
2025-08-24T06:05:55.4140687Z Get:176 http://azure.archive.ubuntu.com/ubuntu noble/universe amd64 libgstreamer-plugins-bad1.0-0 amd64 1.24.2-1ubuntu4 [797 kB]
2025-08-24T06:05:55.5005630Z Get:177 http://azure.archive.ubuntu.com/ubuntu noble/universe amd64 libdca0 amd64 0.0.7-2build1 [93.8 kB]
2025-08-24T06:05:55.5425050Z Get:178 http://azure.archive.ubuntu.com/ubuntu noble/universe amd64 libopenal1 amd64 1:1.23.1-4build1 [540 kB]
2025-08-24T06:05:55.6252878Z Get:179 http://azure.archive.ubuntu.com/ubuntu noble/main amd64 libsbc1 amd64 2.0-1build1 [33.9 kB]
2025-08-24T06:05:55.6749059Z Get:180 http://azure.archive.ubuntu.com/ubuntu noble/universe amd64 libvo-aacenc0 amd64 0.1.3-2build1 [67.8 kB]
2025-08-24T06:05:55.7164057Z Get:181 http://azure.archive.ubuntu.com/ubuntu noble/universe amd64 libvo-amrwbenc0 amd64 0.1.3-2build1 [76.7 kB]
2025-08-24T06:05:55.7586557Z Get:182 http://azure.archive.ubuntu.com/ubuntu noble/universe amd64 gstreamer1.0-plugins-bad amd64 1.24.2-1ubuntu4 [3081 kB]
2025-08-24T06:05:56.4133112Z Fetched 115 MB in 12s (9941 kB/s)
2025-08-24T06:05:56.4572550Z Selecting previously unselected package fonts-ipafont-gothic.
2025-08-24T06:05:56.5904999Z (Reading database ... 
2025-08-24T06:05:56.5905544Z (Reading database ... 5%
2025-08-24T06:05:56.5905889Z (Reading database ... 10%
2025-08-24T06:05:56.5906319Z (Reading database ... 15%
2025-08-24T06:05:56.5906727Z (Reading database ... 20%
2025-08-24T06:05:56.5907172Z (Reading database ... 25%
2025-08-24T06:05:56.5907553Z (Reading database ... 30%
2025-08-24T06:05:56.5907945Z (Reading database ... 35%
2025-08-24T06:05:56.5908337Z (Reading database ... 40%
2025-08-24T06:05:56.5908875Z (Reading database ... 45%
2025-08-24T06:05:56.5909131Z (Reading database ... 50%
2025-08-24T06:05:56.7600895Z (Reading database ... 55%
2025-08-24T06:05:57.3748998Z (Reading database ... 60%
2025-08-24T06:05:58.0317156Z (Reading database ... 65%
2025-08-24T06:05:58.6757391Z (Reading database ... 70%
2025-08-24T06:05:59.2956158Z (Reading database ... 75%
2025-08-24T06:05:59.9894238Z (Reading database ... 80%
2025-08-24T06:06:00.8019020Z (Reading database ... 85%
2025-08-24T06:06:01.5914856Z (Reading database ... 90%
2025-08-24T06:06:02.4315031Z (Reading database ... 95%
2025-08-24T06:06:02.4315558Z (Reading database ... 100%
2025-08-24T06:06:02.4316342Z (Reading database ... 219830 files and directories currently installed.)
2025-08-24T06:06:02.4364526Z Preparing to unpack .../000-fonts-ipafont-gothic_00303-21ubuntu1_all.deb ...
2025-08-24T06:06:02.4456565Z Unpacking fonts-ipafont-gothic (00303-21ubuntu1) ...
2025-08-24T06:06:02.7021419Z Preparing to unpack .../001-libxml2-dev_2.9.14+dfsg-1.3ubuntu3.4_amd64.deb ...
2025-08-24T06:06:02.7044305Z Unpacking libxml2-dev:amd64 (2.9.14+dfsg-1.3ubuntu3.4) over (2.9.14+dfsg-1.3ubuntu3.3) ...
2025-08-24T06:06:02.8526624Z Preparing to unpack .../002-libxml2_2.9.14+dfsg-1.3ubuntu3.4_amd64.deb ...
2025-08-24T06:06:02.8618945Z Unpacking libxml2:amd64 (2.9.14+dfsg-1.3ubuntu3.4) over (2.9.14+dfsg-1.3ubuntu3.3) ...
2025-08-24T06:06:02.9212950Z Selecting previously unselected package fonts-freefont-ttf.
2025-08-24T06:06:02.9360033Z Preparing to unpack .../003-fonts-freefont-ttf_20211204+svn4273-2_all.deb ...
2025-08-24T06:06:02.9369043Z Unpacking fonts-freefont-ttf (20211204+svn4273-2) ...
2025-08-24T06:06:03.0336234Z Selecting previously unselected package fonts-tlwg-loma-otf.
2025-08-24T06:06:03.0478839Z Preparing to unpack .../004-fonts-tlwg-loma-otf_1%3a0.7.3-1_all.deb ...
2025-08-24T06:06:03.0487350Z Unpacking fonts-tlwg-loma-otf (1:0.7.3-1) ...
2025-08-24T06:06:03.0817948Z Selecting previously unselected package fonts-unifont.
2025-08-24T06:06:03.0959953Z Preparing to unpack .../005-fonts-unifont_1%3a15.1.01-1build1_all.deb ...
2025-08-24T06:06:03.0969963Z Unpacking fonts-unifont (1:15.1.01-1build1) ...
2025-08-24T06:06:03.2199762Z Selecting previously unselected package fonts-wqy-zenhei.
2025-08-24T06:06:03.2342700Z Preparing to unpack .../006-fonts-wqy-zenhei_0.9.45-8_all.deb ...
2025-08-24T06:06:03.2553355Z Unpacking fonts-wqy-zenhei (0.9.45-8) ...
2025-08-24T06:06:03.7335007Z Selecting previously unselected package libproxy1v5:amd64.
2025-08-24T06:06:03.7477242Z Preparing to unpack .../007-libproxy1v5_0.5.4-4build1_amd64.deb ...
2025-08-24T06:06:03.7486705Z Unpacking libproxy1v5:amd64 (0.5.4-4build1) ...
2025-08-24T06:06:03.7714731Z Selecting previously unselected package glib-networking-common.
2025-08-24T06:06:03.7860702Z Preparing to unpack .../008-glib-networking-common_2.80.0-1build1_all.deb ...
2025-08-24T06:06:03.7869962Z Unpacking glib-networking-common (2.80.0-1build1) ...
2025-08-24T06:06:03.8090154Z Selecting previously unselected package glib-networking-services.
2025-08-24T06:06:03.8232244Z Preparing to unpack .../009-glib-networking-services_2.80.0-1build1_amd64.deb ...
2025-08-24T06:06:03.8245823Z Unpacking glib-networking-services (2.80.0-1build1) ...
2025-08-24T06:06:03.8476710Z Selecting previously unselected package session-migration.
2025-08-24T06:06:03.8619491Z Preparing to unpack .../010-session-migration_0.3.9build1_amd64.deb ...
2025-08-24T06:06:03.8631109Z Unpacking session-migration (0.3.9build1) ...
2025-08-24T06:06:03.9013337Z Selecting previously unselected package gsettings-desktop-schemas.
2025-08-24T06:06:03.9157974Z Preparing to unpack .../011-gsettings-desktop-schemas_46.1-0ubuntu1_all.deb ...
2025-08-24T06:06:03.9166607Z Unpacking gsettings-desktop-schemas (46.1-0ubuntu1) ...
2025-08-24T06:06:03.9485441Z Selecting previously unselected package glib-networking:amd64.
2025-08-24T06:06:03.9628219Z Preparing to unpack .../012-glib-networking_2.80.0-1build1_amd64.deb ...
2025-08-24T06:06:03.9639546Z Unpacking glib-networking:amd64 (2.80.0-1build1) ...
2025-08-24T06:06:03.9911537Z Selecting previously unselected package libva2:amd64.
2025-08-24T06:06:04.0057663Z Preparing to unpack .../013-libva2_2.20.0-2build1_amd64.deb ...
2025-08-24T06:06:04.0070095Z Unpacking libva2:amd64 (2.20.0-2build1) ...
2025-08-24T06:06:04.0322578Z Selecting previously unselected package libva-drm2:amd64.
2025-08-24T06:06:04.0466699Z Preparing to unpack .../014-libva-drm2_2.20.0-2build1_amd64.deb ...
2025-08-24T06:06:04.0476056Z Unpacking libva-drm2:amd64 (2.20.0-2build1) ...
2025-08-24T06:06:04.1031615Z Selecting previously unselected package libva-x11-2:amd64.
2025-08-24T06:06:04.1175982Z Preparing to unpack .../015-libva-x11-2_2.20.0-2build1_amd64.deb ...
2025-08-24T06:06:04.1186807Z Unpacking libva-x11-2:amd64 (2.20.0-2build1) ...
2025-08-24T06:06:04.1434040Z Selecting previously unselected package libvdpau1:amd64.
2025-08-24T06:06:04.1576949Z Preparing to unpack .../016-libvdpau1_1.5-2build1_amd64.deb ...
2025-08-24T06:06:04.1590159Z Unpacking libvdpau1:amd64 (1.5-2build1) ...
2025-08-24T06:06:04.1833861Z Selecting previously unselected package libvpl2.
2025-08-24T06:06:04.1976397Z Preparing to unpack .../017-libvpl2_2023.3.0-1build1_amd64.deb ...
2025-08-24T06:06:04.1986285Z Unpacking libvpl2 (2023.3.0-1build1) ...
2025-08-24T06:06:04.2239905Z Selecting previously unselected package ocl-icd-libopencl1:amd64.
2025-08-24T06:06:04.2384210Z Preparing to unpack .../018-ocl-icd-libopencl1_2.3.2-1build1_amd64.deb ...
2025-08-24T06:06:04.2392516Z Unpacking ocl-icd-libopencl1:amd64 (2.3.2-1build1) ...
2025-08-24T06:06:04.2924227Z Selecting previously unselected package libavutil58:amd64.
2025-08-24T06:06:04.3067790Z Preparing to unpack .../019-libavutil58_7%3a6.1.1-3ubuntu5_amd64.deb ...
2025-08-24T06:06:04.3077584Z Unpacking libavutil58:amd64 (7:6.1.1-3ubuntu5) ...
2025-08-24T06:06:04.3352483Z Selecting previously unselected package libcodec2-1.2:amd64.
2025-08-24T06:06:04.3495086Z Preparing to unpack .../020-libcodec2-1.2_1.2.0-2build1_amd64.deb ...
2025-08-24T06:06:04.3505723Z Unpacking libcodec2-1.2:amd64 (1.2.0-2build1) ...
2025-08-24T06:06:04.4305731Z Selecting previously unselected package libdav1d7:amd64.
2025-08-24T06:06:04.4449237Z Preparing to unpack .../021-libdav1d7_1.4.1-1build1_amd64.deb ...
2025-08-24T06:06:04.4459237Z Unpacking libdav1d7:amd64 (1.4.1-1build1) ...
2025-08-24T06:06:04.4766100Z Selecting previously unselected package libgsm1:amd64.
2025-08-24T06:06:04.4909824Z Preparing to unpack .../022-libgsm1_1.0.22-1build1_amd64.deb ...
2025-08-24T06:06:04.4919192Z Unpacking libgsm1:amd64 (1.0.22-1build1) ...
2025-08-24T06:06:04.5186172Z Selecting previously unselected package libhwy1t64:amd64.
2025-08-24T06:06:04.5328213Z Preparing to unpack .../023-libhwy1t64_1.0.7-8.1build1_amd64.deb ...
2025-08-24T06:06:04.5340152Z Unpacking libhwy1t64:amd64 (1.0.7-8.1build1) ...
2025-08-24T06:06:04.5739237Z Selecting previously unselected package libjxl0.7:amd64.
2025-08-24T06:06:04.5882157Z Preparing to unpack .../024-libjxl0.7_0.7.0-10.2ubuntu6.1_amd64.deb ...
2025-08-24T06:06:04.5891459Z Unpacking libjxl0.7:amd64 (0.7.0-10.2ubuntu6.1) ...
2025-08-24T06:06:04.6296620Z Selecting previously unselected package libmp3lame0:amd64.
2025-08-24T06:06:04.6440416Z Preparing to unpack .../025-libmp3lame0_3.100-6build1_amd64.deb ...
2025-08-24T06:06:04.6449574Z Unpacking libmp3lame0:amd64 (3.100-6build1) ...
2025-08-24T06:06:04.6702048Z Selecting previously unselected package libopus0:amd64.
2025-08-24T06:06:04.6842718Z Preparing to unpack .../026-libopus0_1.4-1build1_amd64.deb ...
2025-08-24T06:06:04.6852565Z Unpacking libopus0:amd64 (1.4-1build1) ...
2025-08-24T06:06:04.7113994Z Selecting previously unselected package librav1e0:amd64.
2025-08-24T06:06:04.7257463Z Preparing to unpack .../027-librav1e0_0.7.1-2_amd64.deb ...
2025-08-24T06:06:04.7271332Z Unpacking librav1e0:amd64 (0.7.1-2) ...
2025-08-24T06:06:04.7639705Z Selecting previously unselected package librsvg2-2:amd64.
2025-08-24T06:06:04.7784456Z Preparing to unpack .../028-librsvg2-2_2.58.0+dfsg-1build1_amd64.deb ...
2025-08-24T06:06:04.7793436Z Unpacking librsvg2-2:amd64 (2.58.0+dfsg-1build1) ...
2025-08-24T06:06:04.8336684Z Selecting previously unselected package libshine3:amd64.
2025-08-24T06:06:04.8481129Z Preparing to unpack .../029-libshine3_3.1.1-2build1_amd64.deb ...
2025-08-24T06:06:04.8491747Z Unpacking libshine3:amd64 (3.1.1-2build1) ...
2025-08-24T06:06:04.8725691Z Selecting previously unselected package libspeex1:amd64.
2025-08-24T06:06:04.8866961Z Preparing to unpack .../030-libspeex1_1.2.1-2ubuntu2.24.04.1_amd64.deb ...
2025-08-24T06:06:04.8879128Z Unpacking libspeex1:amd64 (1.2.1-2ubuntu2.24.04.1) ...
2025-08-24T06:06:04.9119997Z Selecting previously unselected package libsvtav1enc1d1:amd64.
2025-08-24T06:06:04.9263516Z Preparing to unpack .../031-libsvtav1enc1d1_1.7.0+dfsg-2build1_amd64.deb ...
2025-08-24T06:06:04.9273496Z Unpacking libsvtav1enc1d1:amd64 (1.7.0+dfsg-2build1) ...
2025-08-24T06:06:04.9842237Z Selecting previously unselected package libsoxr0:amd64.
2025-08-24T06:06:04.9985614Z Preparing to unpack .../032-libsoxr0_0.1.3-4build3_amd64.deb ...
2025-08-24T06:06:04.9996404Z Unpacking libsoxr0:amd64 (0.1.3-4build3) ...
2025-08-24T06:06:05.0237428Z Selecting previously unselected package libswresample4:amd64.
2025-08-24T06:06:05.0379435Z Preparing to unpack .../033-libswresample4_7%3a6.1.1-3ubuntu5_amd64.deb ...
2025-08-24T06:06:05.0389810Z Unpacking libswresample4:amd64 (7:6.1.1-3ubuntu5) ...
2025-08-24T06:06:05.0672198Z Selecting previously unselected package libtheora0:amd64.
2025-08-24T06:06:05.0816260Z Preparing to unpack .../034-libtheora0_1.1.1+dfsg.1-16.1build3_amd64.deb ...
2025-08-24T06:06:05.0827482Z Unpacking libtheora0:amd64 (1.1.1+dfsg.1-16.1build3) ...
2025-08-24T06:06:05.1169086Z Selecting previously unselected package libtwolame0:amd64.
2025-08-24T06:06:05.1312495Z Preparing to unpack .../035-libtwolame0_0.4.0-2build3_amd64.deb ...
2025-08-24T06:06:05.1321923Z Unpacking libtwolame0:amd64 (0.4.0-2build3) ...
2025-08-24T06:06:05.1571526Z Selecting previously unselected package libvorbisenc2:amd64.
2025-08-24T06:06:05.1715859Z Preparing to unpack .../036-libvorbisenc2_1.3.7-1build3_amd64.deb ...
2025-08-24T06:06:05.1725358Z Unpacking libvorbisenc2:amd64 (1.3.7-1build3) ...
2025-08-24T06:06:05.1987334Z Selecting previously unselected package libvpx9:amd64.
2025-08-24T06:06:05.2128361Z Preparing to unpack .../037-libvpx9_1.14.0-1ubuntu2.2_amd64.deb ...
2025-08-24T06:06:05.2137596Z Unpacking libvpx9:amd64 (1.14.0-1ubuntu2.2) ...
2025-08-24T06:06:05.2511189Z Selecting previously unselected package libx264-164:amd64.
2025-08-24T06:06:05.2653094Z Preparing to unpack .../038-libx264-164_2%3a0.164.3108+git31e19f9-1_amd64.deb ...
2025-08-24T06:06:05.2662641Z Unpacking libx264-164:amd64 (2:0.164.3108+git31e19f9-1) ...
2025-08-24T06:06:05.2979506Z Selecting previously unselected package libx265-199:amd64.
2025-08-24T06:06:05.3122872Z Preparing to unpack .../039-libx265-199_3.5-2build1_amd64.deb ...
2025-08-24T06:06:05.3137066Z Unpacking libx265-199:amd64 (3.5-2build1) ...
2025-08-24T06:06:05.3890519Z Selecting previously unselected package libxvidcore4:amd64.
2025-08-24T06:06:05.4035410Z Preparing to unpack .../040-libxvidcore4_2%3a1.3.7-1build1_amd64.deb ...
2025-08-24T06:06:05.4046330Z Unpacking libxvidcore4:amd64 (2:1.3.7-1build1) ...
2025-08-24T06:06:05.4296789Z Selecting previously unselected package libzvbi-common.
2025-08-24T06:06:05.4440773Z Preparing to unpack .../041-libzvbi-common_0.2.42-2_all.deb ...
2025-08-24T06:06:05.4450380Z Unpacking libzvbi-common (0.2.42-2) ...
2025-08-24T06:06:05.5388147Z Selecting previously unselected package libzvbi0t64:amd64.
2025-08-24T06:06:05.5531265Z Preparing to unpack .../042-libzvbi0t64_0.2.42-2_amd64.deb ...
2025-08-24T06:06:05.5540824Z Unpacking libzvbi0t64:amd64 (0.2.42-2) ...
2025-08-24T06:06:05.5815213Z Selecting previously unselected package libavcodec60:amd64.
2025-08-24T06:06:05.5956510Z Preparing to unpack .../043-libavcodec60_7%3a6.1.1-3ubuntu5_amd64.deb ...
2025-08-24T06:06:05.5969459Z Unpacking libavcodec60:amd64 (7:6.1.1-3ubuntu5) ...
2025-08-24T06:06:05.6919144Z Selecting previously unselected package libunibreak5:amd64.
2025-08-24T06:06:05.7126760Z Preparing to unpack .../044-libunibreak5_5.1-2build1_amd64.deb ...
2025-08-24T06:06:05.7127541Z Unpacking libunibreak5:amd64 (5.1-2build1) ...
2025-08-24T06:06:05.7401575Z Selecting previously unselected package libass9:amd64.
2025-08-24T06:06:05.7544954Z Preparing to unpack .../045-libass9_1%3a0.17.1-2build1_amd64.deb ...
2025-08-24T06:06:05.7560448Z Unpacking libass9:amd64 (1:0.17.1-2build1) ...
2025-08-24T06:06:05.7814915Z Selecting previously unselected package libudfread0:amd64.
2025-08-24T06:06:05.7961521Z Preparing to unpack .../046-libudfread0_1.1.2-1build1_amd64.deb ...
2025-08-24T06:06:05.7971736Z Unpacking libudfread0:amd64 (1.1.2-1build1) ...
2025-08-24T06:06:05.8210052Z Selecting previously unselected package libbluray2:amd64.
2025-08-24T06:06:05.8353794Z Preparing to unpack .../047-libbluray2_1%3a1.3.4-1build1_amd64.deb ...
2025-08-24T06:06:05.8363517Z Unpacking libbluray2:amd64 (1:1.3.4-1build1) ...
2025-08-24T06:06:05.8615970Z Selecting previously unselected package libchromaprint1:amd64.
2025-08-24T06:06:05.8760775Z Preparing to unpack .../048-libchromaprint1_1.5.1-5_amd64.deb ...
2025-08-24T06:06:05.8773935Z Unpacking libchromaprint1:amd64 (1.5.1-5) ...
2025-08-24T06:06:05.9021109Z Selecting previously unselected package libgme0:amd64.
2025-08-24T06:06:05.9164763Z Preparing to unpack .../049-libgme0_0.6.3-7build1_amd64.deb ...
2025-08-24T06:06:05.9176750Z Unpacking libgme0:amd64 (0.6.3-7build1) ...
2025-08-24T06:06:05.9434864Z Selecting previously unselected package libmpg123-0t64:amd64.
2025-08-24T06:06:05.9582333Z Preparing to unpack .../050-libmpg123-0t64_1.32.5-1ubuntu1.1_amd64.deb ...
2025-08-24T06:06:05.9593029Z Unpacking libmpg123-0t64:amd64 (1.32.5-1ubuntu1.1) ...
2025-08-24T06:06:05.9853672Z Selecting previously unselected package libopenmpt0t64:amd64.
2025-08-24T06:06:05.9999416Z Preparing to unpack .../051-libopenmpt0t64_0.7.3-1.1build3_amd64.deb ...
2025-08-24T06:06:06.0008304Z Unpacking libopenmpt0t64:amd64 (0.7.3-1.1build3) ...
2025-08-24T06:06:06.0325898Z Selecting previously unselected package libcjson1:amd64.
2025-08-24T06:06:06.0470464Z Preparing to unpack .../052-libcjson1_1.7.17-1_amd64.deb ...
2025-08-24T06:06:06.0480387Z Unpacking libcjson1:amd64 (1.7.17-1) ...
2025-08-24T06:06:06.0739194Z Selecting previously unselected package libmbedcrypto7t64:amd64.
2025-08-24T06:06:06.0884942Z Preparing to unpack .../053-libmbedcrypto7t64_2.28.8-1_amd64.deb ...
2025-08-24T06:06:06.0939086Z Unpacking libmbedcrypto7t64:amd64 (2.28.8-1) ...
2025-08-24T06:06:06.1310669Z Selecting previously unselected package librist4:amd64.
2025-08-24T06:06:06.1452297Z Preparing to unpack .../054-librist4_0.2.10+dfsg-2_amd64.deb ...
2025-08-24T06:06:06.1463549Z Unpacking librist4:amd64 (0.2.10+dfsg-2) ...
2025-08-24T06:06:06.1704956Z Selecting previously unselected package libsrt1.5-gnutls:amd64.
2025-08-24T06:06:06.1847485Z Preparing to unpack .../055-libsrt1.5-gnutls_1.5.3-1build2_amd64.deb ...
2025-08-24T06:06:06.1859081Z Unpacking libsrt1.5-gnutls:amd64 (1.5.3-1build2) ...
2025-08-24T06:06:06.2142341Z Selecting previously unselected package libssh-gcrypt-4:amd64.
2025-08-24T06:06:06.2285571Z Preparing to unpack .../056-libssh-gcrypt-4_0.10.6-2ubuntu0.1_amd64.deb ...
2025-08-24T06:06:06.2295253Z Unpacking libssh-gcrypt-4:amd64 (0.10.6-2ubuntu0.1) ...
2025-08-24T06:06:06.2567429Z Selecting previously unselected package libavformat60:amd64.
2025-08-24T06:06:06.2711219Z Preparing to unpack .../057-libavformat60_7%3a6.1.1-3ubuntu5_amd64.deb ...
2025-08-24T06:06:06.2724123Z Unpacking libavformat60:amd64 (7:6.1.1-3ubuntu5) ...
2025-08-24T06:06:06.3132531Z Selecting previously unselected package libbs2b0:amd64.
2025-08-24T06:06:06.3275885Z Preparing to unpack .../058-libbs2b0_3.1.0+dfsg-7build1_amd64.deb ...
2025-08-24T06:06:06.3285317Z Unpacking libbs2b0:amd64 (3.1.0+dfsg-7build1) ...
2025-08-24T06:06:06.3548003Z Selecting previously unselected package libflite1:amd64.
2025-08-24T06:06:06.3690878Z Preparing to unpack .../059-libflite1_2.2-6build3_amd64.deb ...
2025-08-24T06:06:06.3700227Z Unpacking libflite1:amd64 (2.2-6build3) ...
2025-08-24T06:06:06.4942233Z Selecting previously unselected package libserd-0-0:amd64.
2025-08-24T06:06:06.5083710Z Preparing to unpack .../060-libserd-0-0_0.32.2-1_amd64.deb ...
2025-08-24T06:06:06.5142322Z Unpacking libserd-0-0:amd64 (0.32.2-1) ...
2025-08-24T06:06:06.5390678Z Selecting previously unselected package libzix-0-0:amd64.
2025-08-24T06:06:06.5533650Z Preparing to unpack .../061-libzix-0-0_0.4.2-2build1_amd64.deb ...
2025-08-24T06:06:06.5545492Z Unpacking libzix-0-0:amd64 (0.4.2-2build1) ...
2025-08-24T06:06:06.5789195Z Selecting previously unselected package libsord-0-0:amd64.
2025-08-24T06:06:06.5930205Z Preparing to unpack .../062-libsord-0-0_0.16.16-2build1_amd64.deb ...
2025-08-24T06:06:06.5942139Z Unpacking libsord-0-0:amd64 (0.16.16-2build1) ...
2025-08-24T06:06:06.6183592Z Selecting previously unselected package libsratom-0-0:amd64.
2025-08-24T06:06:06.6325531Z Preparing to unpack .../063-libsratom-0-0_0.6.16-1build1_amd64.deb ...
2025-08-24T06:06:06.6335722Z Unpacking libsratom-0-0:amd64 (0.6.16-1build1) ...
2025-08-24T06:06:06.6574176Z Selecting previously unselected package liblilv-0-0:amd64.
2025-08-24T06:06:06.6716229Z Preparing to unpack .../064-liblilv-0-0_0.24.22-1build1_amd64.deb ...
2025-08-24T06:06:06.6725460Z Unpacking liblilv-0-0:amd64 (0.24.22-1build1) ...
2025-08-24T06:06:06.6974322Z Selecting previously unselected package libmysofa1:amd64.
2025-08-24T06:06:06.7118186Z Preparing to unpack .../065-libmysofa1_1.3.2+dfsg-2ubuntu2_amd64.deb ...
2025-08-24T06:06:06.7128917Z Unpacking libmysofa1:amd64 (1.3.2+dfsg-2ubuntu2) ...
2025-08-24T06:06:06.7430334Z Selecting previously unselected package libplacebo338:amd64.
2025-08-24T06:06:06.7572223Z Preparing to unpack .../066-libplacebo338_6.338.2-2build1_amd64.deb ...
2025-08-24T06:06:06.7585206Z Unpacking libplacebo338:amd64 (6.338.2-2build1) ...
2025-08-24T06:06:06.8194625Z Selecting previously unselected package libblas3:amd64.
2025-08-24T06:06:06.8335552Z Preparing to unpack .../067-libblas3_3.12.0-3build1.1_amd64.deb ...
2025-08-24T06:06:06.8372445Z Unpacking libblas3:amd64 (3.12.0-3build1.1) ...
2025-08-24T06:06:06.8647798Z Selecting previously unselected package liblapack3:amd64.
2025-08-24T06:06:06.8789839Z Preparing to unpack .../068-liblapack3_3.12.0-3build1.1_amd64.deb ...
2025-08-24T06:06:06.8826924Z Unpacking liblapack3:amd64 (3.12.0-3build1.1) ...
2025-08-24T06:06:06.9386646Z Selecting previously unselected package libasyncns0:amd64.
2025-08-24T06:06:06.9531319Z Preparing to unpack .../069-libasyncns0_0.8-6build4_amd64.deb ...
2025-08-24T06:06:06.9543491Z Unpacking libasyncns0:amd64 (0.8-6build4) ...
2025-08-24T06:06:06.9818262Z Selecting previously unselected package libflac12t64:amd64.
2025-08-24T06:06:06.9961439Z Preparing to unpack .../070-libflac12t64_1.4.3+ds-2.1ubuntu2_amd64.deb ...
2025-08-24T06:06:06.9971230Z Unpacking libflac12t64:amd64 (1.4.3+ds-2.1ubuntu2) ...
2025-08-24T06:06:07.0231937Z Selecting previously unselected package libsndfile1:amd64.
2025-08-24T06:06:07.0373777Z Preparing to unpack .../071-libsndfile1_1.2.2-1ubuntu5.24.04.1_amd64.deb ...
2025-08-24T06:06:07.0382709Z Unpacking libsndfile1:amd64 (1.2.2-1ubuntu5.24.04.1) ...
2025-08-24T06:06:07.0832972Z Selecting previously unselected package libpulse0:amd64.
2025-08-24T06:06:07.0976092Z Preparing to unpack .../072-libpulse0_1%3a16.1+dfsg1-2ubuntu10.1_amd64.deb ...
2025-08-24T06:06:07.1052502Z Unpacking libpulse0:amd64 (1:16.1+dfsg1-2ubuntu10.1) ...
2025-08-24T06:06:07.1372939Z Selecting previously unselected package libsphinxbase3t64:amd64.
2025-08-24T06:06:07.1515458Z Preparing to unpack .../073-libsphinxbase3t64_0.8+5prealpha+1-17build2_amd64.deb ...
2025-08-24T06:06:07.1527112Z Unpacking libsphinxbase3t64:amd64 (0.8+5prealpha+1-17build2) ...
2025-08-24T06:06:07.1788064Z Selecting previously unselected package libpocketsphinx3:amd64.
2025-08-24T06:06:07.1932064Z Preparing to unpack .../074-libpocketsphinx3_0.8.0+real5prealpha+1-15ubuntu5_amd64.deb ...
2025-08-24T06:06:07.1941351Z Unpacking libpocketsphinx3:amd64 (0.8.0+real5prealpha+1-15ubuntu5) ...
2025-08-24T06:06:07.2194207Z Selecting previously unselected package libpostproc57:amd64.
2025-08-24T06:06:07.2337923Z Preparing to unpack .../075-libpostproc57_7%3a6.1.1-3ubuntu5_amd64.deb ...
2025-08-24T06:06:07.2354339Z Unpacking libpostproc57:amd64 (7:6.1.1-3ubuntu5) ...
2025-08-24T06:06:07.2607625Z Selecting previously unselected package libsamplerate0:amd64.
2025-08-24T06:06:07.2750024Z Preparing to unpack .../076-libsamplerate0_0.2.2-4build1_amd64.deb ...
2025-08-24T06:06:07.2762376Z Unpacking libsamplerate0:amd64 (0.2.2-4build1) ...
2025-08-24T06:06:07.3079790Z Selecting previously unselected package librubberband2:amd64.
2025-08-24T06:06:07.3221564Z Preparing to unpack .../077-librubberband2_3.3.0+dfsg-2build1_amd64.deb ...
2025-08-24T06:06:07.3231020Z Unpacking librubberband2:amd64 (3.3.0+dfsg-2build1) ...
2025-08-24T06:06:07.3484427Z Selecting previously unselected package libswscale7:amd64.
2025-08-24T06:06:07.3627323Z Preparing to unpack .../078-libswscale7_7%3a6.1.1-3ubuntu5_amd64.deb ...
2025-08-24T06:06:07.3643831Z Unpacking libswscale7:amd64 (7:6.1.1-3ubuntu5) ...
2025-08-24T06:06:07.3927503Z Selecting previously unselected package libvidstab1.1:amd64.
2025-08-24T06:06:07.4070169Z Preparing to unpack .../079-libvidstab1.1_1.1.0-2build1_amd64.deb ...
2025-08-24T06:06:07.4081134Z Unpacking libvidstab1.1:amd64 (1.1.0-2build1) ...
2025-08-24T06:06:07.4450694Z Selecting previously unselected package libzimg2:amd64.
2025-08-24T06:06:07.4592946Z Preparing to unpack .../080-libzimg2_3.0.5+ds1-1build1_amd64.deb ...
2025-08-24T06:06:07.4605033Z Unpacking libzimg2:amd64 (3.0.5+ds1-1build1) ...
2025-08-24T06:06:07.4890569Z Selecting previously unselected package libavfilter9:amd64.
2025-08-24T06:06:07.5032710Z Preparing to unpack .../081-libavfilter9_7%3a6.1.1-3ubuntu5_amd64.deb ...
2025-08-24T06:06:07.5042430Z Unpacking libavfilter9:amd64 (7:6.1.1-3ubuntu5) ...
2025-08-24T06:06:07.5812300Z Selecting previously unselected package liborc-0.4-0t64:amd64.
2025-08-24T06:06:07.5954542Z Preparing to unpack .../082-liborc-0.4-0t64_1%3a0.4.38-1ubuntu0.1_amd64.deb ...
2025-08-24T06:06:07.5964900Z Unpacking liborc-0.4-0t64:amd64 (1:0.4.38-1ubuntu0.1) ...
2025-08-24T06:06:07.6256012Z Selecting previously unselected package libgstreamer-plugins-base1.0-0:amd64.
2025-08-24T06:06:07.6399659Z Preparing to unpack .../083-libgstreamer-plugins-base1.0-0_1.24.2-1ubuntu0.2_amd64.deb ...
2025-08-24T06:06:07.6413034Z Unpacking libgstreamer-plugins-base1.0-0:amd64 (1.24.2-1ubuntu0.2) ...
2025-08-24T06:06:07.6772401Z Selecting previously unselected package gstreamer1.0-libav:amd64.
2025-08-24T06:06:07.6914177Z Preparing to unpack .../084-gstreamer1.0-libav_1.24.1-1build1_amd64.deb ...
2025-08-24T06:06:07.6923240Z Unpacking gstreamer1.0-libav:amd64 (1.24.1-1build1) ...
2025-08-24T06:06:07.7178359Z Selecting previously unselected package libcdparanoia0:amd64.
2025-08-24T06:06:07.7322980Z Preparing to unpack .../085-libcdparanoia0_3.10.2+debian-14build3_amd64.deb ...
2025-08-24T06:06:07.7349066Z Unpacking libcdparanoia0:amd64 (3.10.2+debian-14build3) ...
2025-08-24T06:06:07.7616801Z Selecting previously unselected package libvisual-0.4-0:amd64.
2025-08-24T06:06:07.7762666Z Preparing to unpack .../086-libvisual-0.4-0_0.4.2-2build1_amd64.deb ...
2025-08-24T06:06:07.7776729Z Unpacking libvisual-0.4-0:amd64 (0.4.2-2build1) ...
2025-08-24T06:06:07.8041421Z Selecting previously unselected package gstreamer1.0-plugins-base:amd64.
2025-08-24T06:06:07.8184720Z Preparing to unpack .../087-gstreamer1.0-plugins-base_1.24.2-1ubuntu0.2_amd64.deb ...
2025-08-24T06:06:07.8195449Z Unpacking gstreamer1.0-plugins-base:amd64 (1.24.2-1ubuntu0.2) ...
2025-08-24T06:06:07.8573013Z Selecting previously unselected package libaa1:amd64.
2025-08-24T06:06:07.8715790Z Preparing to unpack .../088-libaa1_1.4p5-51.1_amd64.deb ...
2025-08-24T06:06:07.8726700Z Unpacking libaa1:amd64 (1.4p5-51.1) ...
2025-08-24T06:06:07.8973450Z Selecting previously unselected package libraw1394-11:amd64.
2025-08-24T06:06:07.9117891Z Preparing to unpack .../089-libraw1394-11_2.1.2-2build3_amd64.deb ...
2025-08-24T06:06:07.9127867Z Unpacking libraw1394-11:amd64 (2.1.2-2build3) ...
2025-08-24T06:06:07.9370657Z Selecting previously unselected package libavc1394-0:amd64.
2025-08-24T06:06:07.9515476Z Preparing to unpack .../090-libavc1394-0_0.5.4-5build3_amd64.deb ...
2025-08-24T06:06:07.9527284Z Unpacking libavc1394-0:amd64 (0.5.4-5build3) ...
2025-08-24T06:06:07.9772455Z Selecting previously unselected package libcaca0:amd64.
2025-08-24T06:06:07.9915369Z Preparing to unpack .../091-libcaca0_0.99.beta20-4build2_amd64.deb ...
2025-08-24T06:06:07.9928399Z Unpacking libcaca0:amd64 (0.99.beta20-4build2) ...
2025-08-24T06:06:08.0215490Z Selecting previously unselected package libdv4t64:amd64.
2025-08-24T06:06:08.0359552Z Preparing to unpack .../092-libdv4t64_1.0.0-17.1build1_amd64.deb ...
2025-08-24T06:06:08.0369637Z Unpacking libdv4t64:amd64 (1.0.0-17.1build1) ...
2025-08-24T06:06:08.0620386Z Selecting previously unselected package libgstreamer-plugins-good1.0-0:amd64.
2025-08-24T06:06:08.0761842Z Preparing to unpack .../093-libgstreamer-plugins-good1.0-0_1.24.2-1ubuntu1.1_amd64.deb ...
2025-08-24T06:06:08.0772456Z Unpacking libgstreamer-plugins-good1.0-0:amd64 (1.24.2-1ubuntu1.1) ...
2025-08-24T06:06:08.1022777Z Selecting previously unselected package libiec61883-0:amd64.
2025-08-24T06:06:08.1164987Z Preparing to unpack .../094-libiec61883-0_1.2.0-6build1_amd64.deb ...
2025-08-24T06:06:08.1179646Z Unpacking libiec61883-0:amd64 (1.2.0-6build1) ...
2025-08-24T06:06:08.1414809Z Selecting previously unselected package libshout3:amd64.
2025-08-24T06:06:08.1558287Z Preparing to unpack .../095-libshout3_2.4.6-1build2_amd64.deb ...
2025-08-24T06:06:08.1568374Z Unpacking libshout3:amd64 (2.4.6-1build2) ...
2025-08-24T06:06:08.1830107Z Selecting previously unselected package libtag1v5-vanilla:amd64.
2025-08-24T06:06:08.1972927Z Preparing to unpack .../096-libtag1v5-vanilla_1.13.1-1build1_amd64.deb ...
2025-08-24T06:06:08.1983941Z Unpacking libtag1v5-vanilla:amd64 (1.13.1-1build1) ...
2025-08-24T06:06:08.2265032Z Selecting previously unselected package libtag1v5:amd64.
2025-08-24T06:06:08.2408457Z Preparing to unpack .../097-libtag1v5_1.13.1-1build1_amd64.deb ...
2025-08-24T06:06:08.2417384Z Unpacking libtag1v5:amd64 (1.13.1-1build1) ...
2025-08-24T06:06:08.2662673Z Selecting previously unselected package libv4lconvert0t64:amd64.
2025-08-24T06:06:08.2808038Z Preparing to unpack .../098-libv4lconvert0t64_1.26.1-4build3_amd64.deb ...
2025-08-24T06:06:08.2820259Z Unpacking libv4lconvert0t64:amd64 (1.26.1-4build3) ...
2025-08-24T06:06:08.3079914Z Selecting previously unselected package libv4l-0t64:amd64.
2025-08-24T06:06:08.3224206Z Preparing to unpack .../099-libv4l-0t64_1.26.1-4build3_amd64.deb ...
2025-08-24T06:06:08.3234096Z Unpacking libv4l-0t64:amd64 (1.26.1-4build3) ...
2025-08-24T06:06:08.3499028Z Selecting previously unselected package libwavpack1:amd64.
2025-08-24T06:06:08.3642475Z Preparing to unpack .../100-libwavpack1_5.6.0-1build1_amd64.deb ...
2025-08-24T06:06:08.3651760Z Unpacking libwavpack1:amd64 (5.6.0-1build1) ...
2025-08-24T06:06:08.3887897Z Selecting previously unselected package libsoup-3.0-common.
2025-08-24T06:06:08.4031762Z Preparing to unpack .../101-libsoup-3.0-common_3.4.4-5ubuntu0.5_all.deb ...
2025-08-24T06:06:08.4044075Z Unpacking libsoup-3.0-common (3.4.4-5ubuntu0.5) ...
2025-08-24T06:06:08.4278732Z Selecting previously unselected package libsoup-3.0-0:amd64.
2025-08-24T06:06:08.4421094Z Preparing to unpack .../102-libsoup-3.0-0_3.4.4-5ubuntu0.5_amd64.deb ...
2025-08-24T06:06:08.4431303Z Unpacking libsoup-3.0-0:amd64 (3.4.4-5ubuntu0.5) ...
2025-08-24T06:06:08.4699887Z Selecting previously unselected package gstreamer1.0-plugins-good:amd64.
2025-08-24T06:06:08.4841858Z Preparing to unpack .../103-gstreamer1.0-plugins-good_1.24.2-1ubuntu1.1_amd64.deb ...
2025-08-24T06:06:08.4853003Z Unpacking gstreamer1.0-plugins-good:amd64 (1.24.2-1ubuntu1.1) ...
2025-08-24T06:06:08.5489280Z Selecting previously unselected package libabsl20220623t64:amd64.
2025-08-24T06:06:08.5633688Z Preparing to unpack .../104-libabsl20220623t64_20220623.1-3.1ubuntu3.2_amd64.deb ...
2025-08-24T06:06:08.5643281Z Unpacking libabsl20220623t64:amd64 (20220623.1-3.1ubuntu3.2) ...
2025-08-24T06:06:08.6094847Z Selecting previously unselected package libgav1-1:amd64.
2025-08-24T06:06:08.6238136Z Preparing to unpack .../105-libgav1-1_0.18.0-1build3_amd64.deb ...
2025-08-24T06:06:08.6249627Z Unpacking libgav1-1:amd64 (0.18.0-1build3) ...
2025-08-24T06:06:08.6531010Z Selecting previously unselected package libyuv0:amd64.
2025-08-24T06:06:08.6673613Z Preparing to unpack .../106-libyuv0_0.0~git202401110.af6ac82-1_amd64.deb ...
2025-08-24T06:06:08.6683999Z Unpacking libyuv0:amd64 (0.0~git202401110.af6ac82-1) ...
2025-08-24T06:06:08.6945315Z Selecting previously unselected package libavif16:amd64.
2025-08-24T06:06:08.7088218Z Preparing to unpack .../107-libavif16_1.0.4-1ubuntu3_amd64.deb ...
2025-08-24T06:06:08.7097487Z Unpacking libavif16:amd64 (1.0.4-1ubuntu3) ...
2025-08-24T06:06:08.7352961Z Selecting previously unselected package libavtp0:amd64.
2025-08-24T06:06:08.7497085Z Preparing to unpack .../108-libavtp0_0.2.0-1build1_amd64.deb ...
2025-08-24T06:06:08.7506287Z Unpacking libavtp0:amd64 (0.2.0-1build1) ...
2025-08-24T06:06:08.7752354Z Selecting previously unselected package libcairo-script-interpreter2:amd64.
2025-08-24T06:06:08.7900254Z Preparing to unpack .../109-libcairo-script-interpreter2_1.18.0-3build1_amd64.deb ...
2025-08-24T06:06:08.7911890Z Unpacking libcairo-script-interpreter2:amd64 (1.18.0-3build1) ...
2025-08-24T06:06:08.8154154Z Selecting previously unselected package libdc1394-25:amd64.
2025-08-24T06:06:08.8299131Z Preparing to unpack .../110-libdc1394-25_2.2.6-4build1_amd64.deb ...
2025-08-24T06:06:08.8317361Z Unpacking libdc1394-25:amd64 (2.2.6-4build1) ...
2025-08-24T06:06:08.8617713Z Selecting previously unselected package libdecor-0-0:amd64.
2025-08-24T06:06:08.8762640Z Preparing to unpack .../111-libdecor-0-0_0.2.2-1build2_amd64.deb ...
2025-08-24T06:06:08.8772845Z Unpacking libdecor-0-0:amd64 (0.2.2-1build2) ...
2025-08-24T06:06:08.9024698Z Selecting previously unselected package libgles2:amd64.
2025-08-24T06:06:08.9167885Z Preparing to unpack .../112-libgles2_1.7.0-1build1_amd64.deb ...
2025-08-24T06:06:08.9178173Z Unpacking libgles2:amd64 (1.7.0-1build1) ...
2025-08-24T06:06:08.9420534Z Selecting previously unselected package libdirectfb-1.7-7t64:amd64.
2025-08-24T06:06:08.9563674Z Preparing to unpack .../113-libdirectfb-1.7-7t64_1.7.7-11.1ubuntu2_amd64.deb ...
2025-08-24T06:06:08.9573801Z Unpacking libdirectfb-1.7-7t64:amd64 (1.7.7-11.1ubuntu2) ...
2025-08-24T06:06:09.0052267Z Selecting previously unselected package libdvdread8t64:amd64.
2025-08-24T06:06:09.0194996Z Preparing to unpack .../114-libdvdread8t64_6.1.3-1.1build1_amd64.deb ...
2025-08-24T06:06:09.0203854Z Unpacking libdvdread8t64:amd64 (6.1.3-1.1build1) ...
2025-08-24T06:06:09.0478854Z Selecting previously unselected package libdvdnav4:amd64.
2025-08-24T06:06:09.0623037Z Preparing to unpack .../115-libdvdnav4_6.1.1-3build1_amd64.deb ...
2025-08-24T06:06:09.0637304Z Unpacking libdvdnav4:amd64 (6.1.1-3build1) ...
2025-08-24T06:06:09.0885540Z Selecting previously unselected package libegl-mesa0:amd64.
2025-08-24T06:06:09.1028379Z Preparing to unpack .../116-libegl-mesa0_25.0.7-0ubuntu0.24.04.1_amd64.deb ...
2025-08-24T06:06:09.1038505Z Unpacking libegl-mesa0:amd64 (25.0.7-0ubuntu0.24.04.1) ...
2025-08-24T06:06:09.1316703Z Selecting previously unselected package libevent-2.1-7t64:amd64.
2025-08-24T06:06:09.1461425Z Preparing to unpack .../117-libevent-2.1-7t64_2.1.12-stable-9ubuntu2_amd64.deb ...
2025-08-24T06:06:09.1469771Z Unpacking libevent-2.1-7t64:amd64 (2.1.12-stable-9ubuntu2) ...
2025-08-24T06:06:09.1751890Z Selecting previously unselected package libfaad2:amd64.
2025-08-24T06:06:09.1895551Z Preparing to unpack .../118-libfaad2_2.11.1-1build1_amd64.deb ...
2025-08-24T06:06:09.1907089Z Unpacking libfaad2:amd64 (2.11.1-1build1) ...
2025-08-24T06:06:09.2177785Z Selecting previously unselected package libinstpatch-1.0-2:amd64.
2025-08-24T06:06:09.2323358Z Preparing to unpack .../119-libinstpatch-1.0-2_1.1.6-1build2_amd64.deb ...
2025-08-24T06:06:09.2332848Z Unpacking libinstpatch-1.0-2:amd64 (1.1.6-1build2) ...
2025-08-24T06:06:09.2602564Z Selecting previously unselected package libjack-jackd2-0:amd64.
2025-08-24T06:06:09.2747473Z Preparing to unpack .../120-libjack-jackd2-0_1.9.21~dfsg-3ubuntu3_amd64.deb ...
2025-08-24T06:06:09.2757711Z Unpacking libjack-jackd2-0:amd64 (1.9.21~dfsg-3ubuntu3) ...
2025-08-24T06:06:09.3051621Z Selecting previously unselected package libwebrtc-audio-processing1:amd64.
2025-08-24T06:06:09.3193822Z Preparing to unpack .../121-libwebrtc-audio-processing1_0.3.1-0ubuntu6_amd64.deb ...
2025-08-24T06:06:09.3205565Z Unpacking libwebrtc-audio-processing1:amd64 (0.3.1-0ubuntu6) ...
2025-08-24T06:06:09.3470339Z Selecting previously unselected package libspa-0.2-modules:amd64.
2025-08-24T06:06:09.3613921Z Preparing to unpack .../122-libspa-0.2-modules_1.0.5-1ubuntu3.1_amd64.deb ...
2025-08-24T06:06:09.3626527Z Unpacking libspa-0.2-modules:amd64 (1.0.5-1ubuntu3.1) ...
2025-08-24T06:06:09.4024216Z Selecting previously unselected package libpipewire-0.3-0t64:amd64.
2025-08-24T06:06:09.4169124Z Preparing to unpack .../123-libpipewire-0.3-0t64_1.0.5-1ubuntu3.1_amd64.deb ...
2025-08-24T06:06:09.4179936Z Unpacking libpipewire-0.3-0t64:amd64 (1.0.5-1ubuntu3.1) ...
2025-08-24T06:06:09.4473213Z Selecting previously unselected package libsdl2-2.0-0:amd64.
2025-08-24T06:06:09.4616822Z Preparing to unpack .../124-libsdl2-2.0-0_2.30.0+dfsg-1ubuntu3.1_amd64.deb ...
2025-08-24T06:06:09.4627409Z Unpacking libsdl2-2.0-0:amd64 (2.30.0+dfsg-1ubuntu3.1) ...
2025-08-24T06:06:09.4985618Z Selecting previously unselected package timgm6mb-soundfont.
2025-08-24T06:06:09.5129253Z Preparing to unpack .../125-timgm6mb-soundfont_1.3-5_all.deb ...
2025-08-24T06:06:09.5141850Z Unpacking timgm6mb-soundfont (1.3-5) ...
2025-08-24T06:06:09.8552027Z Selecting previously unselected package libfluidsynth3:amd64.
2025-08-24T06:06:09.8698416Z Preparing to unpack .../126-libfluidsynth3_2.3.4-1build3_amd64.deb ...
2025-08-24T06:06:09.8708073Z Unpacking libfluidsynth3:amd64 (2.3.4-1build3) ...
2025-08-24T06:06:09.8991057Z Selecting previously unselected package libfreeaptx0:amd64.
2025-08-24T06:06:09.9138365Z Preparing to unpack .../127-libfreeaptx0_0.1.1-2build1_amd64.deb ...
2025-08-24T06:06:09.9147753Z Unpacking libfreeaptx0:amd64 (0.1.1-2build1) ...
2025-08-24T06:06:09.9395718Z Selecting previously unselected package libgraphene-1.0-0:amd64.
2025-08-24T06:06:09.9542714Z Preparing to unpack .../128-libgraphene-1.0-0_1.10.8-3build2_amd64.deb ...
2025-08-24T06:06:09.9552299Z Unpacking libgraphene-1.0-0:amd64 (1.10.8-3build2) ...
2025-08-24T06:06:09.9812061Z Selecting previously unselected package libgssdp-1.6-0:amd64.
2025-08-24T06:06:09.9959691Z Preparing to unpack .../129-libgssdp-1.6-0_1.6.3-1build3_amd64.deb ...
2025-08-24T06:06:09.9972004Z Unpacking libgssdp-1.6-0:amd64 (1.6.3-1build3) ...
2025-08-24T06:06:10.0249828Z Selecting previously unselected package libegl1:amd64.
2025-08-24T06:06:10.0395851Z Preparing to unpack .../130-libegl1_1.7.0-1build1_amd64.deb ...
2025-08-24T06:06:10.0411744Z Unpacking libegl1:amd64 (1.7.0-1build1) ...
2025-08-24T06:06:10.0662583Z Selecting previously unselected package libgstreamer-gl1.0-0:amd64.
2025-08-24T06:06:10.0805165Z Preparing to unpack .../131-libgstreamer-gl1.0-0_1.24.2-1ubuntu0.2_amd64.deb ...
2025-08-24T06:06:10.0814850Z Unpacking libgstreamer-gl1.0-0:amd64 (1.24.2-1ubuntu0.2) ...
2025-08-24T06:06:10.1074390Z Selecting previously unselected package libgtk-4-common.
2025-08-24T06:06:10.1216425Z Preparing to unpack .../132-libgtk-4-common_4.14.5+ds-0ubuntu0.4_all.deb ...
2025-08-24T06:06:10.1232255Z Unpacking libgtk-4-common (4.14.5+ds-0ubuntu0.4) ...
2025-08-24T06:06:10.1794902Z Selecting previously unselected package libgtk-4-1:amd64.
2025-08-24T06:06:10.1937138Z Preparing to unpack .../133-libgtk-4-1_4.14.5+ds-0ubuntu0.4_amd64.deb ...
2025-08-24T06:06:10.1945957Z Unpacking libgtk-4-1:amd64 (4.14.5+ds-0ubuntu0.4) ...
2025-08-24T06:06:10.2664548Z Selecting previously unselected package libgupnp-1.6-0:amd64.
2025-08-24T06:06:10.2808819Z Preparing to unpack .../134-libgupnp-1.6-0_1.6.6-1build3_amd64.deb ...
2025-08-24T06:06:10.2818533Z Unpacking libgupnp-1.6-0:amd64 (1.6.6-1build3) ...
2025-08-24T06:06:10.3079082Z Selecting previously unselected package libgupnp-igd-1.6-0:amd64.
2025-08-24T06:06:10.3223551Z Preparing to unpack .../135-libgupnp-igd-1.6-0_1.6.0-3build3_amd64.deb ...
2025-08-24T06:06:10.3236116Z Unpacking libgupnp-igd-1.6-0:amd64 (1.6.0-3build3) ...
2025-08-24T06:06:10.3480809Z Selecting previously unselected package libharfbuzz-icu0:amd64.
2025-08-24T06:06:10.3622888Z Preparing to unpack .../136-libharfbuzz-icu0_8.3.0-2build2_amd64.deb ...
2025-08-24T06:06:10.3633395Z Unpacking libharfbuzz-icu0:amd64 (8.3.0-2build2) ...
2025-08-24T06:06:10.3915568Z Selecting previously unselected package libhyphen0:amd64.
2025-08-24T06:06:10.4057952Z Preparing to unpack .../137-libhyphen0_2.8.8-7build3_amd64.deb ...
2025-08-24T06:06:10.4069111Z Unpacking libhyphen0:amd64 (2.8.8-7build3) ...
2025-08-24T06:06:10.4313331Z Selecting previously unselected package libimath-3-1-29t64:amd64.
2025-08-24T06:06:10.4456315Z Preparing to unpack .../138-libimath-3-1-29t64_3.1.9-3.1ubuntu2_amd64.deb ...
2025-08-24T06:06:10.4468465Z Unpacking libimath-3-1-29t64:amd64 (3.1.9-3.1ubuntu2) ...
2025-08-24T06:06:10.4734779Z Selecting previously unselected package liblc3-1:amd64.
2025-08-24T06:06:10.4880293Z Preparing to unpack .../139-liblc3-1_1.0.4-3build1_amd64.deb ...
2025-08-24T06:06:10.4889474Z Unpacking liblc3-1:amd64 (1.0.4-3build1) ...
2025-08-24T06:06:10.5142621Z Selecting previously unselected package libldacbt-enc2:amd64.
2025-08-24T06:06:10.5287192Z Preparing to unpack .../140-libldacbt-enc2_2.0.2.3+git20200429+ed310a0-4ubuntu2_amd64.deb ...
2025-08-24T06:06:10.5297092Z Unpacking libldacbt-enc2:amd64 (2.0.2.3+git20200429+ed310a0-4ubuntu2) ...
2025-08-24T06:06:10.5537999Z Selecting previously unselected package libraptor2-0:amd64.
2025-08-24T06:06:10.5684388Z Preparing to unpack .../141-libraptor2-0_2.0.16-3ubuntu0.1_amd64.deb ...
2025-08-24T06:06:10.5699214Z Unpacking libraptor2-0:amd64 (2.0.16-3ubuntu0.1) ...
2025-08-24T06:06:10.5961859Z Selecting previously unselected package liblrdf0:amd64.
2025-08-24T06:06:10.6106364Z Preparing to unpack .../142-liblrdf0_0.6.1-4build1_amd64.deb ...
2025-08-24T06:06:10.6117190Z Unpacking liblrdf0:amd64 (0.6.1-4build1) ...
2025-08-24T06:06:10.6370459Z Selecting previously unselected package libltc11:amd64.
2025-08-24T06:06:10.6515430Z Preparing to unpack .../143-libltc11_1.3.2-1build1_amd64.deb ...
2025-08-24T06:06:10.6523920Z Unpacking libltc11:amd64 (1.3.2-1build1) ...
2025-08-24T06:06:10.6767754Z Selecting previously unselected package libmanette-0.2-0:amd64.
2025-08-24T06:06:10.6912525Z Preparing to unpack .../144-libmanette-0.2-0_0.2.7-1build2_amd64.deb ...
2025-08-24T06:06:10.6927505Z Unpacking libmanette-0.2-0:amd64 (0.2.7-1build2) ...
2025-08-24T06:06:10.7186370Z Selecting previously unselected package libmfx1:amd64.
2025-08-24T06:06:10.7331093Z Preparing to unpack .../145-libmfx1_22.5.4-1_amd64.deb ...
2025-08-24T06:06:10.7341881Z Unpacking libmfx1:amd64 (22.5.4-1) ...
2025-08-24T06:06:10.8428221Z Selecting previously unselected package libmjpegutils-2.1-0t64:amd64.
2025-08-24T06:06:10.8571972Z Preparing to unpack .../146-libmjpegutils-2.1-0t64_1%3a2.1.0+debian-8.1build1_amd64.deb ...
2025-08-24T06:06:10.8581207Z Unpacking libmjpegutils-2.1-0t64:amd64 (1:2.1.0+debian-8.1build1) ...
2025-08-24T06:06:10.8818907Z Selecting previously unselected package libmodplug1:amd64.
2025-08-24T06:06:10.8963441Z Preparing to unpack .../147-libmodplug1_1%3a0.8.9.0-3build1_amd64.deb ...
2025-08-24T06:06:10.8975133Z Unpacking libmodplug1:amd64 (1:0.8.9.0-3build1) ...
2025-08-24T06:06:10.9244123Z Selecting previously unselected package libmpcdec6:amd64.
2025-08-24T06:06:10.9388932Z Preparing to unpack .../148-libmpcdec6_2%3a0.1~r495-2build1_amd64.deb ...
2025-08-24T06:06:10.9406218Z Unpacking libmpcdec6:amd64 (2:0.1~r495-2build1) ...
2025-08-24T06:06:10.9651143Z Selecting previously unselected package libmpeg2encpp-2.1-0t64:amd64.
2025-08-24T06:06:10.9792867Z Preparing to unpack .../149-libmpeg2encpp-2.1-0t64_1%3a2.1.0+debian-8.1build1_amd64.deb ...
2025-08-24T06:06:10.9801209Z Unpacking libmpeg2encpp-2.1-0t64:amd64 (1:2.1.0+debian-8.1build1) ...
2025-08-24T06:06:11.0043172Z Selecting previously unselected package libmplex2-2.1-0t64:amd64.
2025-08-24T06:06:11.0187532Z Preparing to unpack .../150-libmplex2-2.1-0t64_1%3a2.1.0+debian-8.1build1_amd64.deb ...
2025-08-24T06:06:11.0203552Z Unpacking libmplex2-2.1-0t64:amd64 (1:2.1.0+debian-8.1build1) ...
2025-08-24T06:06:11.0443091Z Selecting previously unselected package libneon27t64:amd64.
2025-08-24T06:06:11.0585584Z Preparing to unpack .../151-libneon27t64_0.33.0-1.1build3_amd64.deb ...
2025-08-24T06:06:11.0595371Z Unpacking libneon27t64:amd64 (0.33.0-1.1build3) ...
2025-08-24T06:06:11.0861672Z Selecting previously unselected package libnice10:amd64.
2025-08-24T06:06:11.1006381Z Preparing to unpack .../152-libnice10_0.1.21-2build3_amd64.deb ...
2025-08-24T06:06:11.1016711Z Unpacking libnice10:amd64 (0.1.21-2build3) ...
2025-08-24T06:06:11.1267873Z Selecting previously unselected package libopenal-data.
2025-08-24T06:06:11.1410408Z Preparing to unpack .../153-libopenal-data_1%3a1.23.1-4build1_all.deb ...
2025-08-24T06:06:11.1421598Z Unpacking libopenal-data (1:1.23.1-4build1) ...
2025-08-24T06:06:11.1685705Z Selecting previously unselected package libopenexr-3-1-30:amd64.
2025-08-24T06:06:11.1827206Z Preparing to unpack .../154-libopenexr-3-1-30_3.1.5-5.1build3_amd64.deb ...
2025-08-24T06:06:11.1838207Z Unpacking libopenexr-3-1-30:amd64 (3.1.5-5.1build3) ...
2025-08-24T06:06:11.5919354Z Selecting previously unselected package libopenh264-7:amd64.
2025-08-24T06:06:11.6064088Z Preparing to unpack .../155-libopenh264-7_2.4.1+dfsg-1_amd64.deb ...
2025-08-24T06:06:11.6075232Z Unpacking libopenh264-7:amd64 (2.4.1+dfsg-1) ...
2025-08-24T06:06:11.6385643Z Selecting previously unselected package libopenni2-0:amd64.
2025-08-24T06:06:11.6532331Z Preparing to unpack .../156-libopenni2-0_2.2.0.33+dfsg-18_amd64.deb ...
2025-08-24T06:06:11.6568890Z Unpacking libopenni2-0:amd64 (2.2.0.33+dfsg-18) ...
2025-08-24T06:06:11.6874218Z Selecting previously unselected package libqrencode4:amd64.
2025-08-24T06:06:11.7020542Z Preparing to unpack .../157-libqrencode4_4.1.1-1build2_amd64.deb ...
2025-08-24T06:06:11.7029729Z Unpacking libqrencode4:amd64 (4.1.1-1build2) ...
2025-08-24T06:06:11.7258213Z Selecting previously unselected package libsecret-common.
2025-08-24T06:06:11.7400820Z Preparing to unpack .../158-libsecret-common_0.21.4-1build3_all.deb ...
2025-08-24T06:06:11.7413574Z Unpacking libsecret-common (0.21.4-1build3) ...
2025-08-24T06:06:11.7651949Z Selecting previously unselected package libsecret-1-0:amd64.
2025-08-24T06:06:11.7795092Z Preparing to unpack .../159-libsecret-1-0_0.21.4-1build3_amd64.deb ...
2025-08-24T06:06:11.7806396Z Unpacking libsecret-1-0:amd64 (0.21.4-1build3) ...
2025-08-24T06:06:11.8075980Z Selecting previously unselected package libsndio7.0:amd64.
2025-08-24T06:06:11.8221344Z Preparing to unpack .../160-libsndio7.0_1.9.0-0.3build3_amd64.deb ...
2025-08-24T06:06:11.8231848Z Unpacking libsndio7.0:amd64 (1.9.0-0.3build3) ...
2025-08-24T06:06:11.8495778Z Selecting previously unselected package libsoundtouch1:amd64.
2025-08-24T06:06:11.8638918Z Preparing to unpack .../161-libsoundtouch1_2.3.2+ds1-1build1_amd64.deb ...
2025-08-24T06:06:11.8650101Z Unpacking libsoundtouch1:amd64 (2.3.2+ds1-1build1) ...
2025-08-24T06:06:11.8903409Z Selecting previously unselected package libspandsp2t64:amd64.
2025-08-24T06:06:11.9045637Z Preparing to unpack .../162-libspandsp2t64_0.0.6+dfsg-2.1build1_amd64.deb ...
2025-08-24T06:06:11.9058818Z Unpacking libspandsp2t64:amd64 (0.0.6+dfsg-2.1build1) ...
2025-08-24T06:06:11.9477825Z Selecting previously unselected package libsrtp2-1:amd64.
2025-08-24T06:06:11.9622082Z Preparing to unpack .../163-libsrtp2-1_2.5.0-3build1_amd64.deb ...
2025-08-24T06:06:11.9632229Z Unpacking libsrtp2-1:amd64 (2.5.0-3build1) ...
2025-08-24T06:06:11.9884996Z Selecting previously unselected package libwildmidi2:amd64.
2025-08-24T06:06:12.0027042Z Preparing to unpack .../164-libwildmidi2_0.4.3-1build3_amd64.deb ...
2025-08-24T06:06:12.0036906Z Unpacking libwildmidi2:amd64 (0.4.3-1build3) ...
2025-08-24T06:06:12.0284493Z Selecting previously unselected package libwoff1:amd64.
2025-08-24T06:06:12.0428444Z Preparing to unpack .../165-libwoff1_1.0.2-2build1_amd64.deb ...
2025-08-24T06:06:12.0438264Z Unpacking libwoff1:amd64 (1.0.2-2build1) ...
2025-08-24T06:06:12.0714797Z Selecting previously unselected package libxcb-xkb1:amd64.
2025-08-24T06:06:12.0858500Z Preparing to unpack .../166-libxcb-xkb1_1.15-1ubuntu2_amd64.deb ...
2025-08-24T06:06:12.0868378Z Unpacking libxcb-xkb1:amd64 (1.15-1ubuntu2) ...
2025-08-24T06:06:12.1121379Z Selecting previously unselected package libxkbcommon-x11-0:amd64.
2025-08-24T06:06:12.1264265Z Preparing to unpack .../167-libxkbcommon-x11-0_1.6.0-1build1_amd64.deb ...
2025-08-24T06:06:12.1274965Z Unpacking libxkbcommon-x11-0:amd64 (1.6.0-1build1) ...
2025-08-24T06:06:12.1531254Z Selecting previously unselected package libzbar0t64:amd64.
2025-08-24T06:06:12.1676009Z Preparing to unpack .../168-libzbar0t64_0.23.93-4build3_amd64.deb ...
2025-08-24T06:06:12.1687699Z Unpacking libzbar0t64:amd64 (0.23.93-4build3) ...
2025-08-24T06:06:12.1954722Z Selecting previously unselected package libzxing3:amd64.
2025-08-24T06:06:12.2098499Z Preparing to unpack .../169-libzxing3_2.2.1-3_amd64.deb ...
2025-08-24T06:06:12.2107996Z Unpacking libzxing3:amd64 (2.2.1-3) ...
2025-08-24T06:06:12.2401054Z Selecting previously unselected package xfonts-encodings.
2025-08-24T06:06:12.2545561Z Preparing to unpack .../170-xfonts-encodings_1%3a1.0.5-0ubuntu2_all.deb ...
2025-08-24T06:06:12.2557992Z Unpacking xfonts-encodings (1:1.0.5-0ubuntu2) ...
2025-08-24T06:06:12.2894300Z Selecting previously unselected package xfonts-utils.
2025-08-24T06:06:12.3038074Z Preparing to unpack .../171-xfonts-utils_1%3a7.7+6build3_amd64.deb ...
2025-08-24T06:06:12.3047581Z Unpacking xfonts-utils (1:7.7+6build3) ...
2025-08-24T06:06:12.4357043Z Selecting previously unselected package xfonts-cyrillic.
2025-08-24T06:06:12.4503171Z Preparing to unpack .../172-xfonts-cyrillic_1%3a1.0.5+nmu1_all.deb ...
2025-08-24T06:06:12.4512587Z Unpacking xfonts-cyrillic (1:1.0.5+nmu1) ...
2025-08-24T06:06:12.4962544Z Selecting previously unselected package xfonts-scalable.
2025-08-24T06:06:12.5109451Z Preparing to unpack .../173-xfonts-scalable_1%3a1.0.3-1.3_all.deb ...
2025-08-24T06:06:12.5120811Z Unpacking xfonts-scalable (1:1.0.3-1.3) ...
2025-08-24T06:06:12.5420417Z Selecting previously unselected package libgstreamer-plugins-bad1.0-0:amd64.
2025-08-24T06:06:12.5567077Z Preparing to unpack .../174-libgstreamer-plugins-bad1.0-0_1.24.2-1ubuntu4_amd64.deb ...
2025-08-24T06:06:12.5579251Z Unpacking libgstreamer-plugins-bad1.0-0:amd64 (1.24.2-1ubuntu4) ...
2025-08-24T06:06:12.6025646Z Selecting previously unselected package libdca0:amd64.
2025-08-24T06:06:12.6174027Z Preparing to unpack .../175-libdca0_0.0.7-2build1_amd64.deb ...
2025-08-24T06:06:12.6185061Z Unpacking libdca0:amd64 (0.0.7-2build1) ...
2025-08-24T06:06:12.6446696Z Selecting previously unselected package libopenal1:amd64.
2025-08-24T06:06:12.6592027Z Preparing to unpack .../176-libopenal1_1%3a1.23.1-4build1_amd64.deb ...
2025-08-24T06:06:12.6607869Z Unpacking libopenal1:amd64 (1:1.23.1-4build1) ...
2025-08-24T06:06:12.6910417Z Selecting previously unselected package libsbc1:amd64.
2025-08-24T06:06:12.7055909Z Preparing to unpack .../177-libsbc1_2.0-1build1_amd64.deb ...
2025-08-24T06:06:12.7069184Z Unpacking libsbc1:amd64 (2.0-1build1) ...
2025-08-24T06:06:12.7323573Z Selecting previously unselected package libvo-aacenc0:amd64.
2025-08-24T06:06:12.7467976Z Preparing to unpack .../178-libvo-aacenc0_0.1.3-2build1_amd64.deb ...
2025-08-24T06:06:12.7483307Z Unpacking libvo-aacenc0:amd64 (0.1.3-2build1) ...
2025-08-24T06:06:12.7747271Z Selecting previously unselected package libvo-amrwbenc0:amd64.
2025-08-24T06:06:12.7892156Z Preparing to unpack .../179-libvo-amrwbenc0_0.1.3-2build1_amd64.deb ...
2025-08-24T06:06:12.7904871Z Unpacking libvo-amrwbenc0:amd64 (0.1.3-2build1) ...
2025-08-24T06:06:12.8158898Z Selecting previously unselected package gstreamer1.0-plugins-bad:amd64.
2025-08-24T06:06:12.8301957Z Preparing to unpack .../180-gstreamer1.0-plugins-bad_1.24.2-1ubuntu4_amd64.deb ...
2025-08-24T06:06:12.8310226Z Unpacking gstreamer1.0-plugins-bad:amd64 (1.24.2-1ubuntu4) ...
2025-08-24T06:06:13.1969622Z Setting up libgme0:amd64 (0.6.3-7build1) ...
2025-08-24T06:06:13.1999948Z Setting up libchromaprint1:amd64 (1.5.1-5) ...
2025-08-24T06:06:13.2029578Z Setting up libssh-gcrypt-4:amd64 (0.10.6-2ubuntu0.1) ...
2025-08-24T06:06:13.2064571Z Setting up libhwy1t64:amd64 (1.0.7-8.1build1) ...
2025-08-24T06:06:13.2098371Z Setting up libcairo-script-interpreter2:amd64 (1.18.0-3build1) ...
2025-08-24T06:06:13.2128383Z Setting up libfreeaptx0:amd64 (0.1.1-2build1) ...
2025-08-24T06:06:13.2159037Z Setting up libdvdread8t64:amd64 (6.1.3-1.1build1) ...
2025-08-24T06:06:13.2190565Z Setting up libudfread0:amd64 (1.1.2-1build1) ...
2025-08-24T06:06:13.2226050Z Setting up libmodplug1:amd64 (1:0.8.9.0-3build1) ...
2025-08-24T06:06:13.2257634Z Setting up libcdparanoia0:amd64 (3.10.2+debian-14build3) ...
2025-08-24T06:06:13.2283458Z Setting up libvo-amrwbenc0:amd64 (0.1.3-2build1) ...
2025-08-24T06:06:13.2318954Z Setting up session-migration (0.3.9build1) ...
2025-08-24T06:06:13.3603845Z Created symlink /etc/systemd/user/graphical-session-pre.target.wants/session-migration.service → /usr/lib/systemd/user/session-migration.service.
2025-08-24T06:06:13.3604624Z 
2025-08-24T06:06:13.3644546Z Setting up libraw1394-11:amd64 (2.1.2-2build3) ...
2025-08-24T06:06:13.3671646Z Setting up libsbc1:amd64 (2.0-1build1) ...
2025-08-24T06:06:13.3812673Z Setting up libproxy1v5:amd64 (0.5.4-4build1) ...
2025-08-24T06:06:13.3869657Z Setting up libtag1v5-vanilla:amd64 (1.13.1-1build1) ...
2025-08-24T06:06:13.3907535Z Setting up libharfbuzz-icu0:amd64 (8.3.0-2build2) ...
2025-08-24T06:06:13.3971434Z Setting up libopenni2-0:amd64 (2.2.0.33+dfsg-18) ...
2025-08-24T06:06:13.4196123Z Setting up libspeex1:amd64 (1.2.1-2ubuntu2.24.04.1) ...
2025-08-24T06:06:13.4226251Z Setting up libshine3:amd64 (3.1.1-2build1) ...
2025-08-24T06:06:13.4296939Z Setting up libcaca0:amd64 (0.99.beta20-4build2) ...
2025-08-24T06:06:13.4332696Z Setting up libvpl2 (2023.3.0-1build1) ...
2025-08-24T06:06:13.4361471Z Setting up libv4lconvert0t64:amd64 (1.26.1-4build3) ...
2025-08-24T06:06:13.4385657Z Setting up libx264-164:amd64 (2:0.164.3108+git31e19f9-1) ...
2025-08-24T06:06:13.4415895Z Setting up libtwolame0:amd64 (0.4.0-2build3) ...
2025-08-24T06:06:13.4451782Z Setting up libmbedcrypto7t64:amd64 (2.28.8-1) ...
2025-08-24T06:06:13.4484794Z Setting up libwoff1:amd64 (1.0.2-2build1) ...
2025-08-24T06:06:13.4520829Z Setting up liblc3-1:amd64 (1.0.4-3build1) ...
2025-08-24T06:06:13.4547301Z Setting up libqrencode4:amd64 (4.1.1-1build2) ...
2025-08-24T06:06:13.4576974Z Setting up libhyphen0:amd64 (2.8.8-7build3) ...
2025-08-24T06:06:13.4630653Z Setting up libgsm1:amd64 (1.0.22-1build1) ...
2025-08-24T06:06:13.4661263Z Setting up libvisual-0.4-0:amd64 (0.4.2-2build1) ...
2025-08-24T06:06:13.4698090Z Setting up libsoxr0:amd64 (0.1.3-4build3) ...
2025-08-24T06:06:13.4737474Z Setting up libzix-0-0:amd64 (0.4.2-2build1) ...
2025-08-24T06:06:13.4786310Z Setting up libcodec2-1.2:amd64 (1.2.0-2build1) ...
2025-08-24T06:06:13.4818350Z Setting up libmanette-0.2-0:amd64 (0.2.7-1build2) ...
2025-08-24T06:06:13.4847813Z Setting up libsrtp2-1:amd64 (2.5.0-3build1) ...
2025-08-24T06:06:13.4874664Z Setting up libmysofa1:amd64 (1.3.2+dfsg-2ubuntu2) ...
2025-08-24T06:06:13.5124937Z Setting up libldacbt-enc2:amd64 (2.0.2.3+git20200429+ed310a0-4ubuntu2) ...
2025-08-24T06:06:13.5161908Z Setting up fonts-wqy-zenhei (0.9.45-8) ...
2025-08-24T06:06:13.5643309Z Setting up libwebrtc-audio-processing1:amd64 (0.3.1-0ubuntu6) ...
2025-08-24T06:06:13.5687217Z Setting up fonts-freefont-ttf (20211204+svn4273-2) ...
2025-08-24T06:06:13.5719599Z Setting up libevent-2.1-7t64:amd64 (2.1.12-stable-9ubuntu2) ...
2025-08-24T06:06:13.5765512Z Setting up libsvtav1enc1d1:amd64 (1.7.0+dfsg-2build1) ...
2025-08-24T06:06:13.5792453Z Setting up libsoup-3.0-common (3.4.4-5ubuntu0.5) ...
2025-08-24T06:06:13.5816159Z Setting up libmpg123-0t64:amd64 (1.32.5-1ubuntu1.1) ...
2025-08-24T06:06:13.5845251Z Setting up libcjson1:amd64 (1.7.17-1) ...
2025-08-24T06:06:13.5891725Z Setting up libxvidcore4:amd64 (2:1.3.7-1build1) ...
2025-08-24T06:06:13.5922398Z Setting up libmpcdec6:amd64 (2:0.1~r495-2build1) ...
2025-08-24T06:06:13.5966066Z Setting up libmjpegutils-2.1-0t64:amd64 (1:2.1.0+debian-8.1build1) ...
2025-08-24T06:06:13.6003159Z Setting up librav1e0:amd64 (0.7.1-2) ...
2025-08-24T06:06:13.6040091Z Setting up liborc-0.4-0t64:amd64 (1:0.4.38-1ubuntu0.1) ...
2025-08-24T06:06:13.6082023Z Setting up libxcb-xkb1:amd64 (1.15-1ubuntu2) ...
2025-08-24T06:06:13.6108482Z Setting up libvo-aacenc0:amd64 (0.1.3-2build1) ...
2025-08-24T06:06:13.6136953Z Setting up librist4:amd64 (0.2.10+dfsg-2) ...
2025-08-24T06:06:13.6165053Z Setting up libblas3:amd64 (3.12.0-3build1.1) ...
2025-08-24T06:06:13.6258288Z update-alternatives: using /usr/lib/x86_64-linux-gnu/blas/libblas.so.3 to provide /usr/lib/x86_64-linux-gnu/libblas.so.3 (libblas.so.3-x86_64-linux-gnu) in auto mode
2025-08-24T06:06:13.6280458Z Setting up libegl-mesa0:amd64 (25.0.7-0ubuntu0.24.04.1) ...
2025-08-24T06:06:13.6311172Z Setting up libsoundtouch1:amd64 (2.3.2+ds1-1build1) ...
2025-08-24T06:06:13.6347692Z Setting up libplacebo338:amd64 (6.338.2-2build1) ...
2025-08-24T06:06:13.6666287Z Setting up libgles2:amd64 (1.7.0-1build1) ...
2025-08-24T06:06:13.6703286Z Setting up fonts-tlwg-loma-otf (1:0.7.3-1) ...
2025-08-24T06:06:13.6726450Z Setting up libva2:amd64 (2.20.0-2build1) ...
2025-08-24T06:06:13.6755403Z Setting up libspa-0.2-modules:amd64 (1.0.5-1ubuntu3.1) ...
2025-08-24T06:06:13.6789635Z Setting up libzxing3:amd64 (2.2.1-3) ...
2025-08-24T06:06:13.6817905Z Setting up xfonts-encodings (1:1.0.5-0ubuntu2) ...
2025-08-24T06:06:13.6853389Z Setting up libopus0:amd64 (1.4-1build1) ...
2025-08-24T06:06:13.6887452Z Setting up libfaad2:amd64 (2.11.1-1build1) ...
2025-08-24T06:06:13.6913617Z Setting up libxkbcommon-x11-0:amd64 (1.6.0-1build1) ...
2025-08-24T06:06:13.6942964Z Setting up libdc1394-25:amd64 (2.2.6-4build1) ...
2025-08-24T06:06:13.6974960Z Setting up libimath-3-1-29t64:amd64 (3.1.9-3.1ubuntu2) ...
2025-08-24T06:06:13.7007543Z Setting up libunibreak5:amd64 (5.1-2build1) ...
2025-08-24T06:06:13.7039247Z Setting up libdv4t64:amd64 (1.0.0-17.1build1) ...
2025-08-24T06:06:13.7073910Z Setting up libjxl0.7:amd64 (0.7.0-10.2ubuntu6.1) ...
2025-08-24T06:06:13.7107321Z Setting up libopenh264-7:amd64 (2.4.1+dfsg-1) ...
2025-08-24T06:06:13.7139279Z Setting up libltc11:amd64 (1.3.2-1build1) ...
2025-08-24T06:06:13.7175682Z Setting up libx265-199:amd64 (3.5-2build1) ...
2025-08-24T06:06:13.7204251Z Setting up libv4l-0t64:amd64 (1.26.1-4build3) ...
2025-08-24T06:06:13.7232273Z Setting up libavtp0:amd64 (0.2.0-1build1) ...
2025-08-24T06:06:13.7263401Z Setting up libsndio7.0:amd64 (1.9.0-0.3build3) ...
2025-08-24T06:06:13.7322355Z Setting up libdirectfb-1.7-7t64:amd64 (1.7.7-11.1ubuntu2) ...
2025-08-24T06:06:13.7353705Z Setting up libspandsp2t64:amd64 (0.0.6+dfsg-2.1build1) ...
2025-08-24T06:06:13.7389754Z Setting up libvidstab1.1:amd64 (1.1.0-2build1) ...
2025-08-24T06:06:13.7428011Z Setting up libvpx9:amd64 (1.14.0-1ubuntu2.2) ...
2025-08-24T06:06:13.7591278Z Setting up libsrt1.5-gnutls:amd64 (1.5.3-1build2) ...
2025-08-24T06:06:13.7619469Z Setting up libtag1v5:amd64 (1.13.1-1build1) ...
2025-08-24T06:06:13.7655331Z Setting up libflite1:amd64 (2.2-6build3) ...
2025-08-24T06:06:13.7683713Z Setting up libdav1d7:amd64 (1.4.1-1build1) ...
2025-08-24T06:06:13.7712565Z Setting up libva-drm2:amd64 (2.20.0-2build1) ...
2025-08-24T06:06:13.7746001Z Setting up fonts-ipafont-gothic (00303-21ubuntu1) ...
2025-08-24T06:06:13.7829906Z update-alternatives: using /usr/share/fonts/opentype/ipafont-gothic/ipag.ttf to provide /usr/share/fonts/truetype/fonts-japanese-gothic.ttf (fonts-japanese-gothic.ttf) in auto mode
2025-08-24T06:06:13.7857646Z Setting up ocl-icd-libopencl1:amd64 (2.3.2-1build1) ...
2025-08-24T06:06:13.7889600Z Setting up libasyncns0:amd64 (0.8-6build4) ...
2025-08-24T06:06:13.7922659Z Setting up libwildmidi2:amd64 (0.4.3-1build3) ...
2025-08-24T06:06:13.7955718Z Setting up libvdpau1:amd64 (1.5-2build1) ...
2025-08-24T06:06:13.7989847Z Setting up libwavpack1:amd64 (5.6.0-1build1) ...
2025-08-24T06:06:13.8017788Z Setting up libbs2b0:amd64 (3.1.0+dfsg-7build1) ...
2025-08-24T06:06:13.8049327Z Setting up libtheora0:amd64 (1.1.1+dfsg.1-16.1build3) ...
2025-08-24T06:06:13.8079967Z Setting up libegl1:amd64 (1.7.0-1build1) ...
2025-08-24T06:06:13.8111717Z Setting up libdecor-0-0:amd64 (0.2.2-1build2) ...
2025-08-24T06:06:13.8145763Z Setting up libdca0:amd64 (0.0.7-2build1) ...
2025-08-24T06:06:13.8177336Z Setting up libzimg2:amd64 (3.0.5+ds1-1build1) ...
2025-08-24T06:06:13.8204721Z Setting up libopenal-data (1:1.23.1-4build1) ...
2025-08-24T06:06:13.8248712Z Setting up libabsl20220623t64:amd64 (20220623.1-3.1ubuntu3.2) ...
2025-08-24T06:06:13.8276577Z Setting up libflac12t64:amd64 (1.4.3+ds-2.1ubuntu2) ...
2025-08-24T06:06:13.8311804Z Setting up libgtk-4-common (4.14.5+ds-0ubuntu0.4) ...
2025-08-24T06:06:13.8341146Z Setting up libmpeg2encpp-2.1-0t64:amd64 (1:2.1.0+debian-8.1build1) ...
2025-08-24T06:06:13.8368260Z Setting up glib-networking-common (2.80.0-1build1) ...
2025-08-24T06:06:13.8398781Z Setting up libmfx1:amd64 (22.5.4-1) ...
2025-08-24T06:06:13.8452528Z Setting up libsamplerate0:amd64 (0.2.2-4build1) ...
2025-08-24T06:06:13.8480806Z Setting up timgm6mb-soundfont (1.3-5) ...
2025-08-24T06:06:13.8582172Z update-alternatives: using /usr/share/sounds/sf2/TimGM6mb.sf2 to provide /usr/share/sounds/sf2/default-GM.sf2 (default-GM.sf2) in auto mode
2025-08-24T06:06:13.8632125Z update-alternatives: using /usr/share/sounds/sf2/TimGM6mb.sf2 to provide /usr/share/sounds/sf3/default-GM.sf3 (default-GM.sf3) in auto mode
2025-08-24T06:06:13.8657916Z Setting up libva-x11-2:amd64 (2.20.0-2build1) ...
2025-08-24T06:06:13.8687593Z Setting up libyuv0:amd64 (0.0~git202401110.af6ac82-1) ...
2025-08-24T06:06:13.8715791Z Setting up libmplex2-2.1-0t64:amd64 (1:2.1.0+debian-8.1build1) ...
2025-08-24T06:06:13.8769472Z Setting up libpipewire-0.3-0t64:amd64 (1.0.5-1ubuntu3.1) ...
2025-08-24T06:06:13.8812235Z Setting up libxml2:amd64 (2.9.14+dfsg-1.3ubuntu3.4) ...
2025-08-24T06:06:13.8843590Z Setting up libopenmpt0t64:amd64 (0.7.3-1.1build3) ...
2025-08-24T06:06:13.8871075Z Setting up libzvbi-common (0.2.42-2) ...
2025-08-24T06:06:13.8917112Z Setting up libsecret-common (0.21.4-1build3) ...
2025-08-24T06:06:13.8957013Z Setting up libmp3lame0:amd64 (3.100-6build1) ...
2025-08-24T06:06:13.8988296Z Setting up libgraphene-1.0-0:amd64 (1.10.8-3build2) ...
2025-08-24T06:06:13.9023275Z Setting up libvorbisenc2:amd64 (1.3.7-1build3) ...
2025-08-24T06:06:13.9059394Z Setting up libdvdnav4:amd64 (6.1.1-3build1) ...
2025-08-24T06:06:13.9083706Z Setting up fonts-unifont (1:15.1.01-1build1) ...
2025-08-24T06:06:13.9116991Z Setting up libaa1:amd64 (1.4p5-51.1) ...
2025-08-24T06:06:13.9154713Z Setting up libiec61883-0:amd64 (1.2.0-6build1) ...
2025-08-24T06:06:13.9184488Z Setting up libserd-0-0:amd64 (0.32.2-1) ...
2025-08-24T06:06:13.9213839Z Setting up libavc1394-0:amd64 (0.5.4-5build3) ...
2025-08-24T06:06:13.9248236Z Setting up gsettings-desktop-schemas (46.1-0ubuntu1) ...
2025-08-24T06:06:13.9277432Z Setting up glib-networking-services (2.80.0-1build1) ...
2025-08-24T06:06:13.9320973Z Setting up liblapack3:amd64 (3.12.0-3build1.1) ...
2025-08-24T06:06:13.9393113Z update-alternatives: using /usr/lib/x86_64-linux-gnu/lapack/liblapack.so.3 to provide /usr/lib/x86_64-linux-gnu/liblapack.so.3 (liblapack.so.3-x86_64-linux-gnu) in auto mode
2025-08-24T06:06:13.9411475Z Setting up libneon27t64:amd64 (0.33.0-1.1build3) ...
2025-08-24T06:06:13.9447575Z Setting up libzvbi0t64:amd64 (0.2.42-2) ...
2025-08-24T06:06:13.9483619Z Setting up libraptor2-0:amd64 (2.0.16-3ubuntu0.1) ...
2025-08-24T06:06:13.9522487Z Setting up libzbar0t64:amd64 (0.23.93-4build3) ...
2025-08-24T06:06:13.9573400Z Setting up libgstreamer-plugins-base1.0-0:amd64 (1.24.2-1ubuntu0.2) ...
2025-08-24T06:06:13.9602187Z Setting up libavutil58:amd64 (7:6.1.1-3ubuntu5) ...
2025-08-24T06:06:13.9625891Z Setting up libopenal1:amd64 (1:1.23.1-4build1) ...
2025-08-24T06:06:13.9657140Z Setting up xfonts-utils (1:7.7+6build3) ...
2025-08-24T06:06:13.9740040Z Setting up librsvg2-2:amd64 (2.58.0+dfsg-1build1) ...
2025-08-24T06:06:13.9767295Z Setting up libxml2-dev:amd64 (2.9.14+dfsg-1.3ubuntu3.4) ...
2025-08-24T06:06:13.9793095Z Setting up libsecret-1-0:amd64 (0.21.4-1build3) ...
2025-08-24T06:06:13.9820387Z Setting up libgstreamer-plugins-good1.0-0:amd64 (1.24.2-1ubuntu1.1) ...
2025-08-24T06:06:13.9852996Z Setting up libgstreamer-gl1.0-0:amd64 (1.24.2-1ubuntu0.2) ...
2025-08-24T06:06:13.9902465Z Setting up gstreamer1.0-plugins-base:amd64 (1.24.2-1ubuntu0.2) ...
2025-08-24T06:06:13.9930093Z Setting up libass9:amd64 (1:0.17.1-2build1) ...
2025-08-24T06:06:13.9960193Z Setting up libswresample4:amd64 (7:6.1.1-3ubuntu5) ...
2025-08-24T06:06:13.9993587Z Setting up libopenexr-3-1-30:amd64 (3.1.5-5.1build3) ...
2025-08-24T06:06:14.0032801Z Setting up libshout3:amd64 (2.4.6-1build2) ...
2025-08-24T06:06:14.0060570Z Setting up libgav1-1:amd64 (0.18.0-1build3) ...
2025-08-24T06:06:14.0093753Z Setting up libavcodec60:amd64 (7:6.1.1-3ubuntu5) ...
2025-08-24T06:06:14.0122341Z Setting up librubberband2:amd64 (3.3.0+dfsg-2build1) ...
2025-08-24T06:06:14.0152184Z Setting up libjack-jackd2-0:amd64 (1.9.21~dfsg-3ubuntu3) ...
2025-08-24T06:06:14.0180667Z Setting up libsord-0-0:amd64 (0.16.16-2build1) ...
2025-08-24T06:06:14.0218365Z Setting up xfonts-cyrillic (1:1.0.5+nmu1) ...
2025-08-24T06:06:14.0818155Z Setting up libpostproc57:amd64 (7:6.1.1-3ubuntu5) ...
2025-08-24T06:06:14.0853662Z Setting up libsratom-0-0:amd64 (0.6.16-1build1) ...
2025-08-24T06:06:14.0879489Z Setting up libsndfile1:amd64 (1.2.2-1ubuntu5.24.04.1) ...
2025-08-24T06:06:14.0904891Z Setting up libbluray2:amd64 (1:1.3.4-1build1) ...
2025-08-24T06:06:14.0928020Z Setting up liblilv-0-0:amd64 (0.24.22-1build1) ...
2025-08-24T06:06:14.0955878Z Setting up libinstpatch-1.0-2:amd64 (1.1.6-1build2) ...
2025-08-24T06:06:14.0987499Z Setting up xfonts-scalable (1:1.0.3-1.3) ...
2025-08-24T06:06:14.1446324Z Setting up libswscale7:amd64 (7:6.1.1-3ubuntu5) ...
2025-08-24T06:06:14.1518478Z Setting up libavif16:amd64 (1.0.4-1ubuntu3) ...
2025-08-24T06:06:14.1559056Z Setting up libpulse0:amd64 (1:16.1+dfsg1-2ubuntu10.1) ...
2025-08-24T06:06:14.1669684Z Setting up liblrdf0:amd64 (0.6.1-4build1) ...
2025-08-24T06:06:14.1826534Z Setting up libavformat60:amd64 (7:6.1.1-3ubuntu5) ...
2025-08-24T06:06:14.1850704Z Setting up libsphinxbase3t64:amd64 (0.8+5prealpha+1-17build2) ...
2025-08-24T06:06:14.1882817Z Setting up libsdl2-2.0-0:amd64 (2.30.0+dfsg-1ubuntu3.1) ...
2025-08-24T06:06:14.1911825Z Setting up libfluidsynth3:amd64 (2.3.4-1build3) ...
2025-08-24T06:06:14.1934808Z Setting up libpocketsphinx3:amd64 (0.8.0+real5prealpha+1-15ubuntu5) ...
2025-08-24T06:06:14.1973848Z Setting up libavfilter9:amd64 (7:6.1.1-3ubuntu5) ...
2025-08-24T06:06:14.2004534Z Setting up gstreamer1.0-libav:amd64 (1.24.1-1build1) ...
2025-08-24T06:06:14.2312220Z Processing triggers for fontconfig (2.15.0-1.1ubuntu2) ...
2025-08-24T06:06:14.6441281Z Processing triggers for libc-bin (2.39-0ubuntu8.5) ...
2025-08-24T06:06:14.7601587Z Processing triggers for man-db (2.12.0-4build2) ...
2025-08-24T06:07:57.7030171Z Processing triggers for libglib2.0-0t64:amd64 (2.80.0-6ubuntu3.4) ...
2025-08-24T06:07:57.7738522Z Setting up libgtk-4-1:amd64 (4.14.5+ds-0ubuntu0.4) ...
2025-08-24T06:07:58.2504868Z Setting up glib-networking:amd64 (2.80.0-1build1) ...
2025-08-24T06:07:58.2547893Z Setting up libsoup-3.0-0:amd64 (3.4.4-5ubuntu0.5) ...
2025-08-24T06:07:58.2584056Z Setting up libgssdp-1.6-0:amd64 (1.6.3-1build3) ...
2025-08-24T06:07:58.2661000Z Setting up gstreamer1.0-plugins-good:amd64 (1.24.2-1ubuntu1.1) ...
2025-08-24T06:07:58.2697668Z Setting up libgupnp-1.6-0:amd64 (1.6.6-1build3) ...
2025-08-24T06:07:58.2765580Z Setting up libgupnp-igd-1.6-0:amd64 (1.6.0-3build3) ...
2025-08-24T06:07:58.2804611Z Setting up libnice10:amd64 (0.1.21-2build3) ...
2025-08-24T06:07:58.2865849Z Setting up libgstreamer-plugins-bad1.0-0:amd64 (1.24.2-1ubuntu4) ...
2025-08-24T06:07:58.2915177Z Setting up gstreamer1.0-plugins-bad:amd64 (1.24.2-1ubuntu4) ...
2025-08-24T06:07:58.2944965Z Processing triggers for libc-bin (2.39-0ubuntu8.5) ...
2025-08-24T06:08:00.0306608Z 
2025-08-24T06:08:00.0307397Z Running kernel seems to be up-to-date.
2025-08-24T06:08:00.0307770Z 
2025-08-24T06:08:00.0307929Z Restarting services...
2025-08-24T06:08:00.0541462Z  systemctl restart packagekit.service php8.3-fpm.service
2025-08-24T06:08:00.1641477Z 
2025-08-24T06:08:00.1642343Z Service restarts being deferred:
2025-08-24T06:08:00.1643959Z  systemctl restart hosted-compute-agent.service
2025-08-24T06:08:00.1644312Z 
2025-08-24T06:08:00.1644545Z No containers need to be restarted.
2025-08-24T06:08:00.1644840Z 
2025-08-24T06:08:00.1645120Z No user sessions are running outdated binaries.
2025-08-24T06:08:00.1645433Z 
2025-08-24T06:08:00.1645881Z No VM guests are running outdated hypervisor (qemu) binaries on this host.
2025-08-24T06:08:01.3488546Z ##[group]Run cd frontend && pnpm test:e2e --project="Chromium - Critical Path"
2025-08-24T06:08:01.3489460Z [36;1mcd frontend && pnpm test:e2e --project="Chromium - Critical Path"[0m
2025-08-24T06:08:01.3529736Z shell: /usr/bin/bash -e {0}
2025-08-24T06:08:01.3529980Z env:
2025-08-24T06:08:01.3530162Z   NODE_VERSION: 22
2025-08-24T06:08:01.3530386Z   PNPM_VERSION: 10.12.1
2025-08-24T06:08:01.3530599Z   BUN_VERSION: 1.2.17
2025-08-24T06:08:01.3530856Z   PNPM_HOME: /home/runner/setup-pnpm/node_modules/.bin
2025-08-24T06:08:01.3531151Z ##[endgroup]
2025-08-24T06:08:01.6564509Z 
2025-08-24T06:08:01.6565440Z > pulpe-frontend@2025.8.0 test:e2e /home/runner/work/pulpe/pulpe/frontend
2025-08-24T06:08:01.6566464Z > playwright test '--project=Chromium - Critical Path'
2025-08-24T06:08:01.6566877Z 
2025-08-24T06:08:04.5291777Z [WebServer] [1m[33mPrebundling has been configured but will not be used because caching has been disabled.[39m[22m
2025-08-24T06:08:21.0718490Z 
2025-08-24T06:08:21.0719562Z Running 7 tests using 2 workers
2025-08-24T06:08:21.0719872Z 
2025-08-24T06:08:21.9207102Z 🔐 Starting authentication setup...
2025-08-24T06:08:21.9209866Z ⚠️  Missing environment variables for real authentication:
2025-08-24T06:08:21.9210878Z 📝 Using default test credentials for mocked authentication
2025-08-24T06:08:21.9211828Z    - TEST_EMAIL
2025-08-24T06:08:21.9212942Z    - TEST_PASSWORD
2025-08-24T06:08:21.9214885Z 💡 For real E2E tests, set environment variables:
2025-08-24T06:08:21.9215531Z    export TEST_EMAIL="your-test-email@example.com"
2025-08-24T06:08:21.9216127Z    export TEST_PASSWORD="your-test-password"
2025-08-24T06:08:21.9216674Z 🎭 Using mocked authentication for default credentials
2025-08-24T06:08:22.9742988Z 📧 Logging in with: test@example.com
2025-08-24T06:09:22.0195763Z   ✘  1 [setup] › e2e/auth.setup.ts:8:6 › authenticate (1.0m)
2025-08-24T06:09:22.7744633Z 🔐 Starting authentication setup...
2025-08-24T06:09:22.7748106Z ⚠️  Missing environment variables for real authentication:
2025-08-24T06:09:22.7749730Z    - TEST_EMAIL
2025-08-24T06:09:22.7750422Z    - TEST_PASSWORD
2025-08-24T06:09:22.7751277Z 📝 Using default test credentials for mocked authentication
2025-08-24T06:09:22.7760263Z 💡 For real E2E tests, set environment variables:
2025-08-24T06:09:22.7760897Z    export TEST_EMAIL="your-test-email@example.com"
2025-08-24T06:09:22.7761518Z    export TEST_PASSWORD="your-test-password"
2025-08-24T06:09:22.7762265Z 🎭 Using mocked authentication for default credentials
2025-08-24T06:09:23.8658301Z 📧 Logging in with: test@example.com
2025-08-24T06:10:22.8667545Z   ✘  2 [setup] › e2e/auth.setup.ts:8:6 › authenticate (retry #1) (1.0m)
2025-08-24T06:10:23.5983279Z 🔐 Starting authentication setup...
2025-08-24T06:10:23.5984499Z ⚠️  Missing environment variables for real authentication:
2025-08-24T06:10:23.5985141Z    - TEST_EMAIL
2025-08-24T06:10:23.5987239Z    - TEST_PASSWORD
2025-08-24T06:10:23.5988136Z 📝 Using default test credentials for mocked authentication
2025-08-24T06:10:23.5989308Z 💡 For real E2E tests, set environment variables:
2025-08-24T06:10:23.5989979Z    export TEST_EMAIL="your-test-email@example.com"
2025-08-24T06:10:23.5990791Z    export TEST_PASSWORD="your-test-password"
2025-08-24T06:10:23.5991932Z 🎭 Using mocked authentication for default credentials
2025-08-24T06:10:24.6960798Z 📧 Logging in with: test@example.com
2025-08-24T06:11:23.7054359Z   ✘  3 [setup] › e2e/auth.setup.ts:8:6 › authenticate (retry #2) (1.0m)
2025-08-24T06:11:23.8100397Z 
2025-08-24T06:11:23.8105425Z 
2025-08-24T06:11:23.8117671Z   1) [setup] › e2e/auth.setup.ts:8:6 › authenticate ────────────────────────────────────────────────
2025-08-24T06:11:23.8118403Z 
2025-08-24T06:11:23.8119073Z     [31mTest timeout of 60000ms exceeded.[39m
2025-08-24T06:11:23.8119403Z 
2025-08-24T06:11:23.8119722Z     Error: locator.fill: Test timeout of 60000ms exceeded.
2025-08-24T06:11:23.8120243Z     Call log:
2025-08-24T06:11:23.8126117Z     [2m  - waiting for locator('input[formControlName="email"], input[type="email"], [data-testid="email-input"]')[22m
2025-08-24T06:11:23.8126711Z 
2025-08-24T06:11:23.8126718Z 
2025-08-24T06:11:23.8126893Z        at e2e/pages/login.page.ts:79
2025-08-24T06:11:23.8127191Z 
2025-08-24T06:11:23.8127321Z       77 |     }
2025-08-24T06:11:23.8127623Z       78 |
2025-08-24T06:11:23.8127936Z     > 79 |     await this.emailInput.fill(email);
2025-08-24T06:11:23.8128281Z          |                           ^
2025-08-24T06:11:23.8128801Z       80 |     if (email.trim() !== '') {
2025-08-24T06:11:23.8129491Z       81 |       await expect(
2025-08-24T06:11:23.8129921Z       82 |         this.emailInput,
2025-08-24T06:11:23.8130487Z         at LoginPage.fillEmail (/home/runner/work/pulpe/pulpe/frontend/e2e/pages/login.page.ts:79:27)
2025-08-24T06:11:23.8131559Z         at LoginPage.login (/home/runner/work/pulpe/pulpe/frontend/e2e/pages/login.page.ts:111:5)
2025-08-24T06:11:23.8132143Z         at /home/runner/work/pulpe/pulpe/frontend/e2e/auth.setup.ts:42:5
2025-08-24T06:11:23.8132418Z 
2025-08-24T06:11:23.8132895Z     attachment #1: screenshot (image/png) ──────────────────────────────────────────────────────────
2025-08-24T06:11:23.8133659Z     test-results/e2e-auth.setup.ts-authenticate-setup/test-failed-1.png
2025-08-24T06:11:23.8134450Z     ────────────────────────────────────────────────────────────────────────────────────────────────
2025-08-24T06:11:23.8134989Z 
2025-08-24T06:11:23.8135555Z     attachment #2: trace (application/zip) ─────────────────────────────────────────────────────────
2025-08-24T06:11:23.8136190Z     test-results/e2e-auth.setup.ts-authenticate-setup/trace.zip
2025-08-24T06:11:23.8136606Z     Usage:
2025-08-24T06:11:23.8136797Z 
2025-08-24T06:11:23.8137193Z         pnpm exec playwright show-trace test-results/e2e-auth.setup.ts-authenticate-setup/trace.zip
2025-08-24T06:11:23.8137717Z 
2025-08-24T06:11:23.8138221Z     ────────────────────────────────────────────────────────────────────────────────────────────────
2025-08-24T06:11:23.8138462Z 
2025-08-24T06:11:23.8139213Z     Retry #1 ───────────────────────────────────────────────────────────────────────────────────────
2025-08-24T06:11:23.8139593Z 
2025-08-24T06:11:23.8139843Z     [31mTest timeout of 60000ms exceeded.[39m
2025-08-24T06:11:23.8140102Z 
2025-08-24T06:11:23.8140387Z     Error: locator.fill: Test timeout of 60000ms exceeded.
2025-08-24T06:11:23.8140854Z     Call log:
2025-08-24T06:11:23.8141598Z     [2m  - waiting for locator('input[formControlName="email"], input[type="email"], [data-testid="email-input"]')[22m
2025-08-24T06:11:23.8142150Z 
2025-08-24T06:11:23.8142160Z 
2025-08-24T06:11:23.8142300Z        at e2e/pages/login.page.ts:79
2025-08-24T06:11:23.8142483Z 
2025-08-24T06:11:23.8142558Z       77 |     }
2025-08-24T06:11:23.8142771Z       78 |
2025-08-24T06:11:23.8143162Z     > 79 |     await this.emailInput.fill(email);
2025-08-24T06:11:23.8143616Z          |                           ^
2025-08-24T06:11:23.8144012Z       80 |     if (email.trim() !== '') {
2025-08-24T06:11:23.8144427Z       81 |       await expect(
2025-08-24T06:11:23.8144786Z       82 |         this.emailInput,
2025-08-24T06:11:23.8145432Z         at LoginPage.fillEmail (/home/runner/work/pulpe/pulpe/frontend/e2e/pages/login.page.ts:79:27)
2025-08-24T06:11:23.8146204Z         at LoginPage.login (/home/runner/work/pulpe/pulpe/frontend/e2e/pages/login.page.ts:111:5)
2025-08-24T06:11:23.8146766Z         at /home/runner/work/pulpe/pulpe/frontend/e2e/auth.setup.ts:42:5
2025-08-24T06:11:23.8147028Z 
2025-08-24T06:11:23.8147416Z     attachment #1: screenshot (image/png) ──────────────────────────────────────────────────────────
2025-08-24T06:11:23.8147977Z     test-results/e2e-auth.setup.ts-authenticate-setup-retry1/test-failed-1.png
2025-08-24T06:11:23.8148695Z     ────────────────────────────────────────────────────────────────────────────────────────────────
2025-08-24T06:11:23.8148928Z 
2025-08-24T06:11:23.8149294Z     attachment #2: trace (application/zip) ─────────────────────────────────────────────────────────
2025-08-24T06:11:23.8150013Z     test-results/e2e-auth.setup.ts-authenticate-setup-retry1/trace.zip
2025-08-24T06:11:23.8150374Z     Usage:
2025-08-24T06:11:23.8150475Z 
2025-08-24T06:11:23.8150826Z         pnpm exec playwright show-trace test-results/e2e-auth.setup.ts-authenticate-setup-retry1/trace.zip
2025-08-24T06:11:23.8151194Z 
2025-08-24T06:11:23.8151495Z     ────────────────────────────────────────────────────────────────────────────────────────────────
2025-08-24T06:11:23.8151858Z 
2025-08-24T06:11:23.8152164Z     Retry #2 ───────────────────────────────────────────────────────────────────────────────────────
2025-08-24T06:11:23.8152397Z 
2025-08-24T06:11:23.8152582Z     [31mTest timeout of 60000ms exceeded.[39m
2025-08-24T06:11:23.8152775Z 
2025-08-24T06:11:23.8152942Z     Error: locator.fill: Test timeout of 60000ms exceeded.
2025-08-24T06:11:23.8153233Z     Call log:
2025-08-24T06:11:23.8153790Z     [2m  - waiting for locator('input[formControlName="email"], input[type="email"], [data-testid="email-input"]')[22m
2025-08-24T06:11:23.8154185Z 
2025-08-24T06:11:23.8154190Z 
2025-08-24T06:11:23.8154315Z        at e2e/pages/login.page.ts:79
2025-08-24T06:11:23.8154486Z 
2025-08-24T06:11:23.8154566Z       77 |     }
2025-08-24T06:11:23.8154752Z       78 |
2025-08-24T06:11:23.8154988Z     > 79 |     await this.emailInput.fill(email);
2025-08-24T06:11:23.8155294Z          |                           ^
2025-08-24T06:11:23.8155565Z       80 |     if (email.trim() !== '') {
2025-08-24T06:11:23.8155858Z       81 |       await expect(
2025-08-24T06:11:23.8156113Z       82 |         this.emailInput,
2025-08-24T06:11:23.8156605Z         at LoginPage.fillEmail (/home/runner/work/pulpe/pulpe/frontend/e2e/pages/login.page.ts:79:27)
2025-08-24T06:11:23.8157266Z         at LoginPage.login (/home/runner/work/pulpe/pulpe/frontend/e2e/pages/login.page.ts:111:5)
2025-08-24T06:11:23.8157813Z         at /home/runner/work/pulpe/pulpe/frontend/e2e/auth.setup.ts:42:5
2025-08-24T06:11:23.8158068Z 
2025-08-24T06:11:23.8158441Z     attachment #1: screenshot (image/png) ──────────────────────────────────────────────────────────
2025-08-24T06:11:23.8159298Z     test-results/e2e-auth.setup.ts-authenticate-setup-retry2/test-failed-1.png
2025-08-24T06:11:23.8159905Z     ────────────────────────────────────────────────────────────────────────────────────────────────
2025-08-24T06:11:23.8160145Z 
2025-08-24T06:11:23.8160501Z     attachment #2: trace (application/zip) ─────────────────────────────────────────────────────────
2025-08-24T06:11:23.8161022Z     test-results/e2e-auth.setup.ts-authenticate-setup-retry2/trace.zip
2025-08-24T06:11:23.8161370Z     Usage:
2025-08-24T06:11:23.8161468Z 
2025-08-24T06:11:23.8161816Z         pnpm exec playwright show-trace test-results/e2e-auth.setup.ts-authenticate-setup-retry2/trace.zip
2025-08-24T06:11:23.8162185Z 
2025-08-24T06:11:23.8162478Z     ────────────────────────────────────────────────────────────────────────────────────────────────
2025-08-24T06:11:23.8162695Z 
2025-08-24T06:11:23.8162938Z   1 failed
2025-08-24T06:11:23.8163414Z     [setup] › e2e/auth.setup.ts:8:6 › authenticate ─────────────────────────────────────────────────
2025-08-24T06:11:23.8163801Z   6 did not run
2025-08-24T06:11:23.8385633Z  ELIFECYCLE  Command failed with exit code 1.
2025-08-24T06:11:23.8585749Z ##[error]Process completed with exit code 1.
2025-08-24T06:11:23.8651902Z ##[group]Run actions/upload-artifact@v4
2025-08-24T06:11:23.8652396Z with:
2025-08-24T06:11:23.8652598Z   name: playwright-report-0
2025-08-24T06:11:23.8652912Z   path: frontend/playwright-report/
frontend/test-results/

2025-08-24T06:11:23.8653239Z   retention-days: 7
2025-08-24T06:11:23.8653443Z   if-no-files-found: warn
2025-08-24T06:11:23.8653671Z   compression-level: 6
2025-08-24T06:11:23.8653879Z   overwrite: false
2025-08-24T06:11:23.8654086Z   include-hidden-files: false
2025-08-24T06:11:23.8654311Z env:
2025-08-24T06:11:23.8654479Z   NODE_VERSION: 22
2025-08-24T06:11:23.8654675Z   PNPM_VERSION: 10.12.1
2025-08-24T06:11:23.8654882Z   BUN_VERSION: 1.2.17
2025-08-24T06:11:23.8655132Z   PNPM_HOME: /home/runner/setup-pnpm/node_modules/.bin
2025-08-24T06:11:23.8655419Z ##[endgroup]
2025-08-24T06:11:24.0979815Z Multiple search paths detected. Calculating the least common ancestor of all paths
2025-08-24T06:11:24.0983506Z The least common ancestor is /home/runner/work/pulpe/pulpe/frontend. This will be the root directory of the artifact
2025-08-24T06:11:24.0986026Z With the provided path, there will be 6 files uploaded
2025-08-24T06:11:24.0990280Z Artifact name is valid!
2025-08-24T06:11:24.0991291Z Root directory input is valid!
2025-08-24T06:11:24.2682461Z Beginning upload of artifact content to blob storage
2025-08-24T06:11:24.6137524Z Uploaded bytes 132624
2025-08-24T06:11:24.6689348Z Finished uploading artifact content to blob storage!
2025-08-24T06:11:24.6692383Z SHA256 digest of uploaded artifact zip is cc24f06a3a982edddbf5c3408abf435b86590de3d2eaa7c8be1c3b98c06bcafc
2025-08-24T06:11:24.6694376Z Finalizing artifact upload
2025-08-24T06:11:24.7632885Z Artifact playwright-report-0.zip successfully finalized. Artifact ID 3836880229
2025-08-24T06:11:24.7634093Z Artifact playwright-report-0 has been successfully uploaded! Final size is 132624 bytes. Artifact ID is 3836880229
2025-08-24T06:11:24.7640522Z Artifact download URL: https://github.com/neogenz/pulpe/actions/runs/17185007477/artifacts/3836880229
2025-08-24T06:11:24.7765607Z Post job cleanup.
2025-08-24T06:11:24.8325102Z Pruning is unnecessary.
2025-08-24T06:11:24.8420502Z Post job cleanup.
2025-08-24T06:11:24.9428756Z [command]/usr/bin/git version
2025-08-24T06:11:24.9476675Z git version 2.51.0
2025-08-24T06:11:24.9522295Z Temporarily overriding HOME='/home/runner/work/_temp/a0a14c55-dd88-4ae2-b0c1-62310e1c4aec' before making global git config changes
2025-08-24T06:11:24.9523411Z Adding repository directory to the temporary git global config as a safe directory
2025-08-24T06:11:24.9528051Z [command]/usr/bin/git config --global --add safe.directory /home/runner/work/pulpe/pulpe
2025-08-24T06:11:24.9569407Z [command]/usr/bin/git config --local --name-only --get-regexp core\.sshCommand
2025-08-24T06:11:24.9607235Z [command]/usr/bin/git submodule foreach --recursive sh -c "git config --local --name-only --get-regexp 'core\.sshCommand' && git config --local --unset-all 'core.sshCommand' || :"
2025-08-24T06:11:24.9861042Z [command]/usr/bin/git config --local --name-only --get-regexp http\.https\:\/\/github\.com\/\.extraheader
2025-08-24T06:11:24.9890676Z http.https://github.com/.extraheader
2025-08-24T06:11:24.9910794Z [command]/usr/bin/git config --local --unset-all http.https://github.com/.extraheader
2025-08-24T06:11:24.9953869Z [command]/usr/bin/git submodule foreach --recursive sh -c "git config --local --name-only --get-regexp 'http\.https\:\/\/github\.com\/\.extraheader' && git config --local --unset-all 'http.https://github.com/.extraheader' || :"
2025-08-24T06:11:25.0326954Z Cleaning up orphan processes
